Archive member included to satisfy reference by file (symbol)

/opt/gcc-arm-none-eabi-9-2020-q2-update/bin/../lib/gcc/arm-none-eabi/9.3.1/../../../../arm-none-eabi/lib/thumb/v7-m/nofp/libm.a(lib_a-s_fmax.o)
                              ./build/obj/foc_utils.o (symbol from plugin) (fmax)
/opt/gcc-arm-none-eabi-9-2020-q2-update/bin/../lib/gcc/arm-none-eabi/9.3.1/../../../../arm-none-eabi/lib/thumb/v7-m/nofp/libm.a(lib_a-s_fmin.o)
                              ./build/obj/foc_utils.o (symbol from plugin) (fmin)
/opt/gcc-arm-none-eabi-9-2020-q2-update/bin/../lib/gcc/arm-none-eabi/9.3.1/../../../../arm-none-eabi/lib/thumb/v7-m/nofp/libm.a(lib_a-s_fpclassify.o)
                              /opt/gcc-arm-none-eabi-9-2020-q2-update/bin/../lib/gcc/arm-none-eabi/9.3.1/../../../../arm-none-eabi/lib/thumb/v7-m/nofp/libm.a(lib_a-s_fmax.o) (__fpclassifyd)
/opt/gcc-arm-none-eabi-9-2020-q2-update/bin/../lib/gcc/arm-none-eabi/9.3.1/../../../../arm-none-eabi/lib/thumb/v7-m/nofp/libm.a(lib_a-w_fmod.o)
                              ./build/obj/foc_utils.o (symbol from plugin) (fmod)
/opt/gcc-arm-none-eabi-9-2020-q2-update/bin/../lib/gcc/arm-none-eabi/9.3.1/../../../../arm-none-eabi/lib/thumb/v7-m/nofp/libm.a(lib_a-e_fmod.o)
                              /opt/gcc-arm-none-eabi-9-2020-q2-update/bin/../lib/gcc/arm-none-eabi/9.3.1/../../../../arm-none-eabi/lib/thumb/v7-m/nofp/libm.a(lib_a-w_fmod.o) (__ieee754_fmod)
/opt/gcc-arm-none-eabi-9-2020-q2-update/bin/../lib/gcc/arm-none-eabi/9.3.1/../../../../arm-none-eabi/lib/thumb/v7-m/nofp/libm.a(lib_a-s_lib_ver.o)
                              /opt/gcc-arm-none-eabi-9-2020-q2-update/bin/../lib/gcc/arm-none-eabi/9.3.1/../../../../arm-none-eabi/lib/thumb/v7-m/nofp/libm.a(lib_a-w_fmod.o) (__fdlib_version)
/opt/gcc-arm-none-eabi-9-2020-q2-update/bin/../lib/gcc/arm-none-eabi/9.3.1/thumb/v7-m/nofp/libgcc.a(_arm_muldf3.o)
                              /opt/gcc-arm-none-eabi-9-2020-q2-update/bin/../lib/gcc/arm-none-eabi/9.3.1/../../../../arm-none-eabi/lib/thumb/v7-m/nofp/libm.a(lib_a-e_fmod.o) (__aeabi_dmul)
/opt/gcc-arm-none-eabi-9-2020-q2-update/bin/../lib/gcc/arm-none-eabi/9.3.1/thumb/v7-m/nofp/libgcc.a(_arm_muldivdf3.o)
                              /opt/gcc-arm-none-eabi-9-2020-q2-update/bin/../lib/gcc/arm-none-eabi/9.3.1/../../../../arm-none-eabi/lib/thumb/v7-m/nofp/libm.a(lib_a-w_fmod.o) (__aeabi_ddiv)
/opt/gcc-arm-none-eabi-9-2020-q2-update/bin/../lib/gcc/arm-none-eabi/9.3.1/thumb/v7-m/nofp/libgcc.a(_arm_cmpdf2.o)
                              /opt/gcc-arm-none-eabi-9-2020-q2-update/bin/../lib/gcc/arm-none-eabi/9.3.1/../../../../arm-none-eabi/lib/thumb/v7-m/nofp/libm.a(lib_a-w_fmod.o) (__aeabi_dcmpeq)
/opt/gcc-arm-none-eabi-9-2020-q2-update/bin/../lib/gcc/arm-none-eabi/9.3.1/thumb/v7-m/nofp/libgcc.a(_arm_unorddf2.o)
                              /opt/gcc-arm-none-eabi-9-2020-q2-update/bin/../lib/gcc/arm-none-eabi/9.3.1/../../../../arm-none-eabi/lib/thumb/v7-m/nofp/libm.a(lib_a-w_fmod.o) (__aeabi_dcmpun)
/opt/gcc-arm-none-eabi-9-2020-q2-update/bin/../lib/gcc/arm-none-eabi/9.3.1/../../../../arm-none-eabi/lib/thumb/v7-m/nofp/libg.a(lib_a-ctype_.o)
                              ./build/obj/chscanf.o (symbol from plugin) (_ctype_)
/opt/gcc-arm-none-eabi-9-2020-q2-update/bin/../lib/gcc/arm-none-eabi/9.3.1/../../../../arm-none-eabi/lib/thumb/v7-m/nofp/libg.a(lib_a-errno.o)
                              /opt/gcc-arm-none-eabi-9-2020-q2-update/bin/../lib/gcc/arm-none-eabi/9.3.1/../../../../arm-none-eabi/lib/thumb/v7-m/nofp/libm.a(lib_a-w_fmod.o) (__errno)
/opt/gcc-arm-none-eabi-9-2020-q2-update/bin/../lib/gcc/arm-none-eabi/9.3.1/../../../../arm-none-eabi/lib/thumb/v7-m/nofp/libg.a(lib_a-impure.o)
                              /opt/gcc-arm-none-eabi-9-2020-q2-update/bin/../lib/gcc/arm-none-eabi/9.3.1/../../../../arm-none-eabi/lib/thumb/v7-m/nofp/libg.a(lib_a-errno.o) (_impure_ptr)
/opt/gcc-arm-none-eabi-9-2020-q2-update/bin/../lib/gcc/arm-none-eabi/9.3.1/thumb/v7-m/nofp/libgcc.a(_arm_mulsf3.o)
                              /tmp/storm32.elf.CbpKED.ltrans0.ltrans.o (__aeabi_fmul)
/opt/gcc-arm-none-eabi-9-2020-q2-update/bin/../lib/gcc/arm-none-eabi/9.3.1/thumb/v7-m/nofp/libgcc.a(_arm_addsubdf3.o)
                              /tmp/storm32.elf.CbpKED.ltrans0.ltrans.o (__aeabi_dsub)
/opt/gcc-arm-none-eabi-9-2020-q2-update/bin/../lib/gcc/arm-none-eabi/9.3.1/thumb/v7-m/nofp/libgcc.a(_arm_truncdfsf2.o)
                              /tmp/storm32.elf.CbpKED.ltrans0.ltrans.o (__aeabi_d2f)
/opt/gcc-arm-none-eabi-9-2020-q2-update/bin/../lib/gcc/arm-none-eabi/9.3.1/thumb/v7-m/nofp/libgcc.a(_arm_addsubsf3.o)
                              /tmp/storm32.elf.CbpKED.ltrans0.ltrans.o (__aeabi_fsub)
/opt/gcc-arm-none-eabi-9-2020-q2-update/bin/../lib/gcc/arm-none-eabi/9.3.1/thumb/v7-m/nofp/libgcc.a(_arm_muldivsf3.o)
                              /tmp/storm32.elf.CbpKED.ltrans0.ltrans.o (__aeabi_fdiv)
/opt/gcc-arm-none-eabi-9-2020-q2-update/bin/../lib/gcc/arm-none-eabi/9.3.1/thumb/v7-m/nofp/libgcc.a(_arm_cmpsf2.o)
[...]
Memory Configuration

Name             Origin             Length             Attributes
flash0           0x0000000008000000 0x0000000000020000 xr
flash1           0x0000000000000000 0x0000000000000000 xr
flash2           0x0000000000000000 0x0000000000000000 xr
flash3           0x0000000000000000 0x0000000000000000 xr
flash4           0x0000000000000000 0x0000000000000000 xr
flash5           0x0000000000000000 0x0000000000000000 xr
flash6           0x0000000000000000 0x0000000000000000 xr
flash7           0x0000000000000000 0x0000000000000000 xr
ram0             0x0000000020000000 0x0000000000005000 xw
ram1             0x0000000000000000 0x0000000000000000 xw
ram2             0x0000000000000000 0x0000000000000000 xw
ram3             0x0000000000000000 0x0000000000000000 xw
ram4             0x0000000000000000 0x0000000000000000 xw
ram5             0x0000000000000000 0x0000000000000000 xw
ram6             0x0000000000000000 0x0000000000000000 xw
ram7             0x0000000000000000 0x0000000000000000 xw
*default*        0x0000000000000000 0xffffffffffffffff

Linker script and memory map

LOAD ./build/obj/crt0_v7m.o
LOAD ./build/obj/vectors.o
LOAD ./build/obj/chcoreasm.o
LOAD ./build/obj/crt1.o
LOAD /tmp/storm32.elf.CbpKED.ltrans0.ltrans.o
LOAD /tmp/cc9Lvm3t.debug.temp.o
LOAD /tmp/ccy4QaSD.debug.temp.o
LOAD /tmp/ccJSUmQ0.debug.temp.o
LOAD /tmp/ccWeLDme.debug.temp.o
LOAD /tmp/ccQR7zly.debug.temp.o
LOAD /tmp/ccRWyqS8.debug.temp.o
LOAD /tmp/ccxE3Tii.debug.temp.o
LOAD /tmp/ccL2DlvB.debug.temp.o
LOAD /tmp/ccothZcC.debug.temp.o
LOAD /tmp/cc6q2pGC.debug.temp.o
LOAD /tmp/ccne8umk.debug.temp.o
LOAD /tmp/ccjg5c8d.debug.temp.o
LOAD /tmp/ccrua9Zl.debug.temp.o
LOAD /tmp/ccgAEaJ6.debug.temp.o
LOAD /tmp/cciqoOF4.debug.temp.o
LOAD /tmp/cc9Emys0.debug.temp.o
LOAD /tmp/cc9i0BxV.debug.temp.o
LOAD /tmp/ccEBYVsF.debug.temp.o
LOAD /tmp/ccA4X5ZI.debug.temp.o
LOAD /tmp/ccq3S3vf.debug.temp.o
LOAD /tmp/ccnanrZj.debug.temp.o
LOAD /tmp/ccvKHDLe.debug.temp.o
LOAD /tmp/ccDpwmIG.debug.temp.o
LOAD /tmp/ccEYpHbL.debug.temp.o
LOAD /tmp/ccCYcj4u.debug.temp.o
LOAD /tmp/ccVtXRmz.debug.temp.o
LOAD /tmp/cc1SpvCy.debug.temp.o
LOAD /tmp/ccOCkCY1.debug.temp.o
LOAD /tmp/ccKVUMDm.debug.temp.o
LOAD /tmp/ccKDWn1j.debug.temp.o
LOAD /tmp/cc730wGk.debug.temp.o
LOAD /tmp/cctaAi8G.debug.temp.o
LOAD /tmp/ccoDCuSV.debug.temp.o
LOAD /tmp/ccSUgxWc.debug.temp.o
LOAD /tmp/ccp0mzUd.debug.temp.o
LOAD /tmp/ccM66jdf.debug.temp.o
LOAD /tmp/ccSfVuXY.debug.temp.o
LOAD /tmp/ccdS6cSq.debug.temp.o
LOAD /tmp/ccB4EOwn.debug.temp.o
LOAD /tmp/ccKlRluc.debug.temp.o
LOAD /tmp/ccMIaLUX.debug.temp.o
LOAD /tmp/ccllbPhM.debug.temp.o
LOAD /tmp/cc5hRXbx.debug.temp.o
LOAD /tmp/ccSjAzJL.debug.temp.o
LOAD /tmp/cc8ree6m.debug.temp.o
LOAD /tmp/ccD9vULN.debug.temp.o
LOAD /tmp/ccHOJ1Jh.debug.temp.o
LOAD /tmp/ccSFGNUc.debug.temp.o
LOAD /tmp/ccm3EqnU.debug.temp.o
LOAD /tmp/ccz9trdK.debug.temp.o
LOAD /tmp/cczAVPJm.debug.temp.o
LOAD /tmp/ccUvkFMN.debug.temp.o
LOAD /tmp/ccWK27rk.debug.temp.o
LOAD /tmp/ccBu7pIH.debug.temp.o
LOAD /tmp/ccvO9qKd.debug.temp.o
LOAD /tmp/ccymSzL8.debug.temp.o
LOAD /tmp/ccQoc0qY.debug.temp.o
LOAD /tmp/ccF7JBWR.debug.temp.o
LOAD /tmp/ccrmgJE9.debug.temp.o
LOAD /tmp/cc8UKejP.debug.temp.o
LOAD /tmp/cce4LzhH.debug.temp.o
LOAD /tmp/cclgD7Tm.debug.temp.o
LOAD /tmp/ccrVw3qt.debug.temp.o
LOAD /tmp/ccRqVFQA.debug.temp.o
LOAD /tmp/ccSIcpgW.debug.temp.o
LOAD /tmp/ccSi2t1S.debug.temp.o
LOAD /tmp/ccJZJ4ff.debug.temp.o
LOAD ./build/obj/hal.o
LOAD ./build/obj/hal_st.o
LOAD ./build/obj/hal_buffered_serial.o
LOAD ./build/obj/hal_buffers.o
LOAD ./build/obj/hal_queues.o
LOAD ./build/obj/hal_flash.o
LOAD ./build/obj/hal_mmcsd.o
LOAD ./build/obj/hal_i2c.o
LOAD ./build/obj/hal_pal.o
LOAD ./build/obj/hal_pwm.o
LOAD ./build/obj/hal_serial.o
LOAD ./build/obj/hal_serial_usb.o
LOAD ./build/obj/hal_usb.o
LOAD ./build/obj/chprintf.o
LOAD ./build/obj/chscanf.o
LOAD ./build/obj/memstreams.o
LOAD ./build/obj/nullstreams.o
LOAD ./build/obj/bufstreams.o
LOAD ./build/obj/nvic.o
LOAD ./build/obj/stm32_isr.o
LOAD ./build/obj/hal_lld.o
LOAD ./build/obj/hal_efl_lld.o
LOAD ./build/obj/stm32_dma.o
LOAD ./build/obj/hal_pal_lld.o
LOAD ./build/obj/hal_i2c_lld.o
LOAD ./build/obj/hal_st_lld.o
LOAD ./build/obj/hal_pwm_lld.o
LOAD ./build/obj/hal_serial_lld.o
LOAD ./build/obj/hal_usb_lld.o
LOAD ./build/obj/board.o
LOAD ./build/obj/osal.o
LOAD ./build/obj/chsys.o
LOAD ./build/obj/chrfcu.o
LOAD ./build/obj/chdebug.o
LOAD ./build/obj/chtrace.o
LOAD ./build/obj/chvt.o
LOAD ./build/obj/chschd.o
LOAD ./build/obj/chinstances.o
LOAD ./build/obj/chthreads.o
LOAD ./build/obj/chtm.o
LOAD ./build/obj/chregistry.o
LOAD ./build/obj/chsem.o
LOAD ./build/obj/chmtx.o
LOAD ./build/obj/chcond.o
LOAD ./build/obj/chevents.o
LOAD ./build/obj/chmsg.o
LOAD ./build/obj/chdynamic.o
LOAD ./build/obj/chmemchecks.o
LOAD ./build/obj/chmboxes.o
LOAD ./build/obj/chmemcore.o
LOAD ./build/obj/chmemheaps.o
LOAD ./build/obj/chmempools.o
LOAD ./build/obj/chpipes.o
LOAD ./build/obj/chobjcaches.o
LOAD ./build/obj/chdelegates.o
LOAD ./build/obj/chfactory.o
LOAD ./build/obj/chcore.o
LOAD ./build/obj/pwm.o
LOAD ./build/obj/usbcfg.o
LOAD ./build/obj/foc_utils.o
LOAD ./build/obj/mpu6050.o
LOAD ./build/obj/as5600.o
LOAD ./build/obj/i2cDrv.o
LOAD ./build/obj/main.o
LOAD ./build/obj/pid.o
LOAD ./build/obj/time_utils.o

.mstack         0x0000000020000000      0x400
                0x0000000020000000                . = ALIGN (0x8)
                0x0000000020000000                __main_stack_base__ = .
                0x0000000020000400                . = (. + __main_stack_size__)
 *fill*         0x0000000020000000      0x400 
                0x0000000020000400                . = ALIGN (0x8)
                0x0000000020000400                __main_stack_end__ = .

.pstack         0x0000000020000400      0x400
                0x0000000020000400                . = ALIGN (0x8)
                0x0000000020000400                __process_stack_base__ = .
                0x0000000020000400                __main_thread_stack_base__ = .
                0x0000000020000800                . = (. + __process_stack_size__)
 *fill*         0x0000000020000400      0x400 
                0x0000000020000800                . = ALIGN (0x8)
                0x0000000020000800                __process_stack_end__ = .
                0x0000000020000800                __main_thread_stack_end__ = .

.vectors        0x0000000008000000      0x160
                0x0000000008000000                __textvectors_base__ = LOADADDR (.vectors)
                0x0000000008000000                __vectors_base__ = .
 *(.vectors)
 .vectors       0x0000000008000000      0x160 ./build/obj/vectors.o
                0x0000000008000000                _vectors
                0x0000000008000160                __vectors_end__ = .

.xtors          0x0000000008000160        0x4
                0x0000000008000160                __init_array_base__ = .
 *(SORT_BY_NAME(.init_array.*))
 *(.init_array)
 .init_array    0x0000000008000160        0x4 /tmp/storm32.elf.CbpKED.ltrans0.ltrans.o
                0x0000000008000164                __init_array_end__ = .
                0x0000000008000164                __fini_array_base__ = .
 *(.fini_array)
 *(SORT_BY_NAME(.fini_array.*))
                0x0000000008000164                __fini_array_end__ = .

.text           0x0000000008000170     0xa424
                0x0000000008000170                __text_base__ = .
 *(.text)
 .text          0x0000000008000170       0xd8 ./build/obj/crt0_v7m.o
                0x0000000008000170                _crt0_entry
 .text          0x0000000008000248        0x8 ./build/obj/vectors.o
                0x0000000008000248                Reset_Handler
                0x000000000800024a                Vector58
                0x000000000800024a                VectorE8
                0x000000000800024a                Vector9C
                0x000000000800024a                VectorAC
                0x000000000800024a                DebugMon_Handler
                0x000000000800024a                Vector5C
                0x000000000800024a                Vector11C
                0x000000000800024a                HardFault_Handler
                0x000000000800024a                Vector8C
                0x000000000800024a                PendSV_Handler
                0x000000000800024a                NMI_Handler
                0x000000000800024a                Vector110
                0x000000000800024a                Vector120
                0x000000000800024a                Vector94
                0x000000000800024a                VectorA8
                0x000000000800024a                UsageFault_Handler
                0x000000000800024a                VectorEC
                0x000000000800024a                Vector40
                0x000000000800024a                VectorF8
                0x000000000800024a                Vector108
                0x000000000800024a                Vector150
                0x000000000800024a                Vector124
                0x000000000800024a                Vector148
                0x000000000800024a                Vector118
                0x000000000800024a                Vector64
                0x000000000800024a                VectorCC
                0x000000000800024a                Vector54
                0x000000000800024a                Vector98
                0x000000000800024a                VectorD8
                0x000000000800024a                Vector138
                0x000000000800024a                Vector24
                0x000000000800024a                SecureFault_Handler
                0x000000000800024a                VectorD0
                0x000000000800024a                Vector140
                0x000000000800024a                VectorE4
                0x000000000800024a                Vector158
                0x000000000800024a                Vector130
                0x000000000800024a                Vector134
                0x000000000800024a                VectorF0
                0x000000000800024a                Vector12C
                0x000000000800024a                Vector13C
                0x000000000800024a                Vector100
                0x000000000800024a                VectorE0
                0x000000000800024a                VectorF4
                0x000000000800024a                MemManage_Handler
                0x000000000800024a                VectorA0
                0x000000000800024a                Vector114
                0x000000000800024a                Vector60
                0x000000000800024a                Vector48
                0x000000000800024a                VectorD4
                0x000000000800024a                Vector4C
                0x000000000800024a                Vector144
                0x000000000800024a                Vector15C
                0x000000000800024a                Vector68
                0x000000000800024a                Vector88
                0x000000000800024a                Vector104
                0x000000000800024a                Vector10C
                0x000000000800024a                Vector14C
                0x000000000800024a                BusFault_Handler
                0x000000000800024a                Vector50
                0x000000000800024a                Vector154
                0x000000000800024a                Vector44
                0x000000000800024a                Vector28
                0x000000000800024a                VectorFC
                0x000000000800024a                Vector34
                0x000000000800024a                Vector128
                0x000000000800024a                VectorA4
                0x000000000800024a                Vector20
                0x000000000800024e                _unhandled_exception
 .text          0x0000000008000250       0x36 ./build/obj/chcoreasm.o
                0x0000000008000250                __port_switch
                0x0000000008000260                __port_thread_start
                0x0000000008000276                __port_switch_from_isr
                0x0000000008000282                __port_exit_from_isr
 *fill*         0x0000000008000286        0x2 
 .text          0x0000000008000288      0x424 /opt/gcc-arm-none-eabi-9-2020-q2-update/bin/../lib/gcc/arm-none-eabi/9.3.1/thumb/v7-m/nofp/libgcc.a(_arm_muldivdf3.o)
                0x0000000008000288                __aeabi_dmul
                0x0000000008000288                __muldf3
                0x00000000080004dc                __aeabi_ddiv
                0x00000000080004dc                __divdf3
 .text          0x00000000080006ac      0x110 /opt/gcc-arm-none-eabi-9-2020-q2-update/bin/../lib/gcc/arm-none-eabi/9.3.1/thumb/v7-m/nofp/libgcc.a(_arm_cmpdf2.o)
                0x00000000080006ac                __gtdf2
                0x00000000080006ac                __gedf2
                0x00000000080006b4                __ltdf2
                0x00000000080006b4                __ledf2
                0x00000000080006bc                __cmpdf2
                0x00000000080006bc                __eqdf2
                0x00000000080006bc                __nedf2
                0x0000000008000738                __aeabi_cdrcmple
                0x0000000008000748                __aeabi_cdcmple
                0x0000000008000748                __aeabi_cdcmpeq
                0x0000000008000758                __aeabi_dcmpeq
                0x000000000800076c                __aeabi_dcmplt
                0x0000000008000780                __aeabi_dcmple
                0x0000000008000794                __aeabi_dcmpge
                0x00000000080007a8                __aeabi_dcmpgt
 .text          0x00000000080007bc       0x2c /opt/gcc-arm-none-eabi-9-2020-q2-update/bin/../lib/gcc/arm-none-eabi/9.3.1/thumb/v7-m/nofp/libgcc.a(_arm_unorddf2.o)
                0x00000000080007bc                __aeabi_dcmpun
                0x00000000080007bc                __unorddf2
 .text          0x00000000080007e8      0x378 /opt/gcc-arm-none-eabi-9-2020-q2-update/bin/../lib/gcc/arm-none-eabi/9.3.1/thumb/v7-m/nofp/libgcc.a(_arm_addsubdf3.o)
                0x00000000080007e8                __aeabi_drsub
                0x00000000080007f0                __aeabi_dsub
                0x00000000080007f0                __subdf3
                0x00000000080007f4                __adddf3
                0x00000000080007f4                __aeabi_dadd
                0x0000000008000a6c                __aeabi_ui2d
                0x0000000008000a6c                __floatunsidf
                0x0000000008000a8c                __floatsidf
                0x0000000008000a8c                __aeabi_i2d
                0x0000000008000ab0                __extendsfdf2
                0x0000000008000ab0                __aeabi_f2d
                0x0000000008000af4                __aeabi_ul2d
                0x0000000008000af4                __floatundidf
                0x0000000008000b04                __floatdidf
                0x0000000008000b04                __aeabi_l2d
 .text          0x0000000008000b60       0xa0 /opt/gcc-arm-none-eabi-9-2020-q2-update/bin/../lib/gcc/arm-none-eabi/9.3.1/thumb/v7-m/nofp/libgcc.a(_arm_truncdfsf2.o)
                0x0000000008000b60                __aeabi_d2f
                0x0000000008000b60                __truncdfsf2
 .text          0x0000000008000c00      0x21c /opt/gcc-arm-none-eabi-9-2020-q2-update/bin/../lib/gcc/arm-none-eabi/9.3.1/thumb/v7-m/nofp/libgcc.a(_arm_addsubsf3.o)
                0x0000000008000c00                __aeabi_frsub
                0x0000000008000c08                __subsf3
                0x0000000008000c08                __aeabi_fsub
                0x0000000008000c0c                __aeabi_fadd
                0x0000000008000c0c                __addsf3
                0x0000000008000d6c                __aeabi_ui2f
                0x0000000008000d6c                __floatunsisf
                0x0000000008000d74                __aeabi_i2f
                0x0000000008000d74                __floatsisf
                0x0000000008000d90                __floatundisf
                0x0000000008000d90                __aeabi_ul2f
                0x0000000008000da0                __floatdisf
                0x0000000008000da0                __aeabi_l2f
 .text          0x0000000008000e1c      0x2a0 /opt/gcc-arm-none-eabi-9-2020-q2-update/bin/../lib/gcc/arm-none-eabi/9.3.1/thumb/v7-m/nofp/libgcc.a(_arm_muldivsf3.o)
                0x0000000008000e1c                __mulsf3
                0x0000000008000e1c                __aeabi_fmul
                0x0000000008000f84                __divsf3
                0x0000000008000f84                __aeabi_fdiv
 .text          0x00000000080010bc       0xec /opt/gcc-arm-none-eabi-9-2020-q2-update/bin/../lib/gcc/arm-none-eabi/9.3.1/thumb/v7-m/nofp/libgcc.a(_arm_cmpsf2.o)
                0x00000000080010bc                __gtsf2
                0x00000000080010bc                __gesf2
                0x00000000080010c4                __lesf2
                0x00000000080010c4                __ltsf2
                0x00000000080010cc                __nesf2
                0x00000000080010cc                __eqsf2
                0x00000000080010cc                __cmpsf2
                0x000000000800112c                __aeabi_cfrcmple
                0x0000000008001134                __aeabi_cfcmple
                0x0000000008001134                __aeabi_cfcmpeq
                0x0000000008001144                __aeabi_fcmpeq
                0x0000000008001158                __aeabi_fcmplt
                0x000000000800116c                __aeabi_fcmple
                0x0000000008001180                __aeabi_fcmpge
                0x0000000008001194                __aeabi_fcmpgt
 .text          0x00000000080011a8       0x40 /opt/gcc-arm-none-eabi-9-2020-q2-update/bin/../lib/gcc/arm-none-eabi/9.3.1/thumb/v7-m/nofp/libgcc.a(_arm_fixunssfsi.o)
                0x00000000080011a8                __aeabi_f2uiz
                0x00000000080011a8                __fixunssfsi
 .text          0x00000000080011e8       0x30 /opt/gcc-arm-none-eabi-9-2020-q2-update/bin/../lib/gcc/arm-none-eabi/9.3.1/thumb/v7-m/nofp/libgcc.a(_aeabi_uldivmod.o)
                0x00000000080011e8                __aeabi_uldivmod
 .text          0x0000000008001218      0x2c4 /opt/gcc-arm-none-eabi-9-2020-q2-update/bin/../lib/gcc/arm-none-eabi/9.3.1/thumb/v7-m/nofp/libgcc.a(_udivmoddi4.o)
                0x0000000008001218                __udivmoddi4
 .text          0x00000000080014dc        0x4 /opt/gcc-arm-none-eabi-9-2020-q2-update/bin/../lib/gcc/arm-none-eabi/9.3.1/thumb/v7-m/nofp/libgcc.a(_dvmd_tls.o)
                0x00000000080014dc                __aeabi_ldiv0
                0x00000000080014dc                __aeabi_idiv0
 .text          0x00000000080014e0       0xec /opt/gcc-arm-none-eabi-9-2020-q2-update/bin/../lib/gcc/arm-none-eabi/9.3.1/../../../../arm-none-eabi/lib/thumb/v7-m/nofp/libg.a(lib_a-memcpy.o)
                0x00000000080014e0                memcpy
 *(.text.*)
 *fill*         0x00000000080015cc        0x4 
 .text.__cpu_init
                0x00000000080015d0        0x4 /tmp/storm32.elf.CbpKED.ltrans0.ltrans.o
                0x00000000080015d0                __cpu_init
 *fill*         0x00000000080015d4        0xc 
 .text.__late_init
                0x00000000080015e0        0x4 /tmp/storm32.elf.CbpKED.ltrans0.ltrans.o
                0x00000000080015e0                __late_init
 *fill*         0x00000000080015e4        0xc 
 .text.__default_exit
                0x00000000080015f0        0x4 /tmp/storm32.elf.CbpKED.ltrans0.ltrans.o
                0x00000000080015f0                __default_exit
 *fill*         0x00000000080015f4        0xc 
 .text.__init_ram_areas
                0x0000000008001600       0x64 /tmp/storm32.elf.CbpKED.ltrans0.ltrans.o
                0x0000000008001600                __init_ram_areas
 *fill*         0x0000000008001664        0xc 
 .text.osalInit
                0x0000000008001670        0x4 /tmp/storm32.elf.CbpKED.ltrans0.ltrans.o
 *fill*         0x0000000008001674        0xc 
 .text.halInit  0x0000000008001680       0x34 /tmp/storm32.elf.CbpKED.ltrans0.ltrans.o
 *fill*         0x00000000080016b4        0xc 
 .text.stInit   0x00000000080016c0        0x8 /tmp/storm32.elf.CbpKED.ltrans0.ltrans.o
 *fill*         0x00000000080016c8        0x8 
 .text.chSysLock.lto_priv.0
                0x00000000080016d0       0x18 /tmp/storm32.elf.CbpKED.ltrans0.ltrans.o
 *fill*         0x00000000080016e8        0x8 
 .text.chSysUnlock.lto_priv.0
                0x00000000080016f0       0x18 /tmp/storm32.elf.CbpKED.ltrans0.ltrans.o
 *fill*         0x0000000008001708        0x8 
 .text.osalSysLock.lto_priv.0
                0x0000000008001710        0x8 /tmp/storm32.elf.CbpKED.ltrans0.ltrans.o
 *fill*         0x0000000008001718        0x8 
 .text.osalSysUnlock.lto_priv.0
                0x0000000008001720        0x8 /tmp/storm32.elf.CbpKED.ltrans0.ltrans.o
 *fill*         0x0000000008001728        0x8 
 .text.osalThreadQueueObjectInit.lto_priv.0
                0x0000000008001730       0x14 /tmp/storm32.elf.CbpKED.ltrans0.ltrans.o
 *fill*         0x0000000008001744        0xc 
 .text.osalThreadEnqueueTimeoutS.lto_priv.0
                0x0000000008001750       0x1c /tmp/storm32.elf.CbpKED.ltrans0.ltrans.o
 *fill*         0x000000000800176c        0x4 
 .text.osalThreadDequeueNextI.lto_priv.0
                0x0000000008001770       0x18 /tmp/storm32.elf.CbpKED.ltrans0.ltrans.o
 *fill*         0x0000000008001788        0x8 
 .text.osalThreadDequeueAllI.lto_priv.0
                0x0000000008001790       0x18 /tmp/storm32.elf.CbpKED.ltrans0.ltrans.o
 *fill*         0x00000000080017a8        0x8 
 .text.ibqObjectInit
                0x00000000080017b0       0xbc /tmp/storm32.elf.CbpKED.ltrans0.ltrans.o
 *fill*         0x000000000800186c        0x4 
 .text.ibqResetI
                0x0000000008001870       0x40 /tmp/storm32.elf.CbpKED.ltrans0.ltrans.o
 .text.ibqGetEmptyBufferI
                0x00000000080018b0       0x40 /tmp/storm32.elf.CbpKED.ltrans0.ltrans.o
 .text.ibqPostFullBufferI
                0x00000000080018f0       0x80 /tmp/storm32.elf.CbpKED.ltrans0.ltrans.o
 .text.ibqGetFullBufferTimeoutS
                0x0000000008001970       0x60 /tmp/storm32.elf.CbpKED.ltrans0.ltrans.o
 .text.ibqReleaseEmptyBufferS
                0x00000000080019d0       0x54 /tmp/storm32.elf.CbpKED.ltrans0.ltrans.o
 *fill*         0x0000000008001a24        0xc 
 .text.ibqGetTimeout
                0x0000000008001a30       0x60 /tmp/storm32.elf.CbpKED.ltrans0.ltrans.o
 .text.ibqReadTimeout
                0x0000000008001a90       0xf8 /tmp/storm32.elf.CbpKED.ltrans0.ltrans.o
 *fill*         0x0000000008001b88        0x8 
 .text.obqObjectInit
                0x0000000008001b90       0xbc /tmp/storm32.elf.CbpKED.ltrans0.ltrans.o
 *fill*         0x0000000008001c4c        0x4 
 .text.obqResetI
                0x0000000008001c50       0x40 /tmp/storm32.elf.CbpKED.ltrans0.ltrans.o
 .text.obqGetFullBufferI
                0x0000000008001c90       0x54 /tmp/storm32.elf.CbpKED.ltrans0.ltrans.o
 *fill*         0x0000000008001ce4        0xc 
 .text.obqReleaseEmptyBufferI
                0x0000000008001cf0       0x48 /tmp/storm32.elf.CbpKED.ltrans0.ltrans.o
 *fill*         0x0000000008001d38        0x8 
 .text.obqGetEmptyBufferTimeoutS
                0x0000000008001d40       0x5c /tmp/storm32.elf.CbpKED.ltrans0.ltrans.o
 *fill*         0x0000000008001d9c        0x4 
 .text.obqPostFullBufferS
                0x0000000008001da0       0x8c /tmp/storm32.elf.CbpKED.ltrans0.ltrans.o
 *fill*         0x0000000008001e2c        0x4 
 .text.obqPutTimeout
                0x0000000008001e30       0x70 /tmp/storm32.elf.CbpKED.ltrans0.ltrans.o
 .text.obqWriteTimeout
                0x0000000008001ea0      0x100 /tmp/storm32.elf.CbpKED.ltrans0.ltrans.o
 .text.obqTryFlushI
                0x0000000008001fa0       0x94 /tmp/storm32.elf.CbpKED.ltrans0.ltrans.o
 *fill*         0x0000000008002034        0xc 
 .text.chSysLock.lto_priv.1
                0x0000000008002040       0x18 /tmp/storm32.elf.CbpKED.ltrans0.ltrans.o
 *fill*         0x0000000008002058        0x8 
 .text.chSysUnlock.lto_priv.1
                0x0000000008002060       0x18 /tmp/storm32.elf.CbpKED.ltrans0.ltrans.o
 *fill*         0x0000000008002078        0x8 
 .text.osalSysLock.lto_priv.1
                0x0000000008002080        0x8 /tmp/storm32.elf.CbpKED.ltrans0.ltrans.o
 *fill*         0x0000000008002088        0x8 
 .text.osalSysUnlock.lto_priv.1
                0x0000000008002090        0x8 /tmp/storm32.elf.CbpKED.ltrans0.ltrans.o
 *fill*         0x0000000008002098        0x8 
 .text.osalThreadQueueObjectInit.lto_priv.1
                0x00000000080020a0       0x14 /tmp/storm32.elf.CbpKED.ltrans0.ltrans.o
 *fill*         0x00000000080020b4        0xc 
 .text.osalThreadEnqueueTimeoutS.lto_priv.1
                0x00000000080020c0       0x1c /tmp/storm32.elf.CbpKED.ltrans0.ltrans.o
 *fill*         0x00000000080020dc        0x4 
 .text.osalThreadDequeueNextI.lto_priv.1
                0x00000000080020e0       0x18 /tmp/storm32.elf.CbpKED.ltrans0.ltrans.o
 *fill*         0x00000000080020f8        0x8 
 .text.iq_read  0x0000000008002100       0xd4 /tmp/storm32.elf.CbpKED.ltrans0.ltrans.o
 *fill*         0x00000000080021d4        0xc 
 .text.oq_write
                0x00000000080021e0       0xd4 /tmp/storm32.elf.CbpKED.ltrans0.ltrans.o
 *fill*         0x00000000080022b4        0xc 
 .text.iqObjectInit
                0x00000000080022c0       0x48 /tmp/storm32.elf.CbpKED.ltrans0.ltrans.o
 *fill*         0x0000000008002308        0x8 
 .text.iqPutI   0x0000000008002310       0x84 /tmp/storm32.elf.CbpKED.ltrans0.ltrans.o
 *fill*         0x0000000008002394        0xc 
 .text.iqGetTimeout
                0x00000000080023a0       0x80 /tmp/storm32.elf.CbpKED.ltrans0.ltrans.o
 .text.iqReadTimeout
                0x0000000008002420       0x98 /tmp/storm32.elf.CbpKED.ltrans0.ltrans.o
 *fill*         0x00000000080024b8        0x8 
 .text.oqObjectInit
                0x00000000080024c0       0x48 /tmp/storm32.elf.CbpKED.ltrans0.ltrans.o
 *fill*         0x0000000008002508        0x8 
 .text.oqPutTimeout
                0x0000000008002510       0x84 /tmp/storm32.elf.CbpKED.ltrans0.ltrans.o
 *fill*         0x0000000008002594        0xc 
 .text.oqGetI   0x00000000080025a0       0x80 /tmp/storm32.elf.CbpKED.ltrans0.ltrans.o
 .text.oqWriteTimeout
                0x0000000008002620       0x98 /tmp/storm32.elf.CbpKED.ltrans0.ltrans.o
 *fill*         0x00000000080026b8        0x8 
 .text.chSysLock.lto_priv.2
                0x00000000080026c0       0x18 /tmp/storm32.elf.CbpKED.ltrans0.ltrans.o
 *fill*         0x00000000080026d8        0x8 
 .text.chSysUnlock.lto_priv.2
                0x00000000080026e0       0x18 /tmp/storm32.elf.CbpKED.ltrans0.ltrans.o
 *fill*         0x00000000080026f8        0x8 
 .text.osalSysLock.lto_priv.2
                0x0000000008002700        0x8 /tmp/storm32.elf.CbpKED.ltrans0.ltrans.o
 *fill*         0x0000000008002708        0x8 
 .text.osalSysUnlock.lto_priv.2
                0x0000000008002710        0x8 /tmp/storm32.elf.CbpKED.ltrans0.ltrans.o
 *fill*         0x0000000008002718        0x8 
 .text.osalMutexObjectInit
                0x0000000008002720       0x14 /tmp/storm32.elf.CbpKED.ltrans0.ltrans.o
 *fill*         0x0000000008002734        0xc 
 .text.osalMutexLock
                0x0000000008002740       0x14 /tmp/storm32.elf.CbpKED.ltrans0.ltrans.o
 *fill*         0x0000000008002754        0xc 
 .text.osalMutexUnlock
                0x0000000008002760       0x14 /tmp/storm32.elf.CbpKED.ltrans0.ltrans.o
 *fill*         0x0000000008002774        0xc 
 .text.i2cInit  0x0000000008002780        0x8 /tmp/storm32.elf.CbpKED.ltrans0.ltrans.o
 *fill*         0x0000000008002788        0x8 
 .text.i2cObjectInit
                0x0000000008002790       0x24 /tmp/storm32.elf.CbpKED.ltrans0.ltrans.o
 *fill*         0x00000000080027b4        0xc 
 .text.i2cStart
                0x00000000080027c0       0x68 /tmp/storm32.elf.CbpKED.ltrans0.ltrans.o
 *fill*         0x0000000008002828        0x8 
 .text.i2cStop  0x0000000008002830       0x40 /tmp/storm32.elf.CbpKED.ltrans0.ltrans.o
 .text.i2cGetErrors
                0x0000000008002870       0x2c /tmp/storm32.elf.CbpKED.ltrans0.ltrans.o
 *fill*         0x000000000800289c        0x4 
 .text.i2cMasterTransmitTimeout
                0x00000000080028a0      0x10c /tmp/storm32.elf.CbpKED.ltrans0.ltrans.o
 *fill*         0x00000000080029ac        0x4 
 .text.i2cAcquireBus
                0x00000000080029b0       0x30 /tmp/storm32.elf.CbpKED.ltrans0.ltrans.o
 .text.i2cReleaseBus
                0x00000000080029e0       0x30 /tmp/storm32.elf.CbpKED.ltrans0.ltrans.o
 .text.chSysLock.lto_priv.3
                0x0000000008002a10       0x18 /tmp/storm32.elf.CbpKED.ltrans0.ltrans.o
 *fill*         0x0000000008002a28        0x8 
 .text.chSysUnlock.lto_priv.3
                0x0000000008002a30       0x18 /tmp/storm32.elf.CbpKED.ltrans0.ltrans.o
 *fill*         0x0000000008002a48        0x8 
 .text.osalSysLock.lto_priv.3
                0x0000000008002a50        0x8 /tmp/storm32.elf.CbpKED.ltrans0.ltrans.o
 *fill*         0x0000000008002a58        0x8 
 .text.osalSysUnlock.lto_priv.3
                0x0000000008002a60        0x8 /tmp/storm32.elf.CbpKED.ltrans0.ltrans.o
 *fill*         0x0000000008002a68        0x8 
 .text.pwmInit  0x0000000008002a70        0x8 /tmp/storm32.elf.CbpKED.ltrans0.ltrans.o
 *fill*         0x0000000008002a78        0x8 
 .text.pwmObjectInit
                0x0000000008002a80       0x20 /tmp/storm32.elf.CbpKED.ltrans0.ltrans.o
 .text.pwmStart
                0x0000000008002aa0       0x78 /tmp/storm32.elf.CbpKED.ltrans0.ltrans.o
 *fill*         0x0000000008002b18        0x8 
 .text.pwmEnableChannel
                0x0000000008002b20       0x70 /tmp/storm32.elf.CbpKED.ltrans0.ltrans.o
 .text.chSysLock.lto_priv.4
                0x0000000008002b90       0x18 /tmp/storm32.elf.CbpKED.ltrans0.ltrans.o
 *fill*         0x0000000008002ba8        0x8 
 .text.chSysUnlock.lto_priv.4
                0x0000000008002bb0       0x18 /tmp/storm32.elf.CbpKED.ltrans0.ltrans.o
 *fill*         0x0000000008002bc8        0x8 
 .text.osalSysLock.lto_priv.4
                0x0000000008002bd0        0x8 /tmp/storm32.elf.CbpKED.ltrans0.ltrans.o
 *fill*         0x0000000008002bd8        0x8 
 .text.osalSysUnlock.lto_priv.4
                0x0000000008002be0        0x8 /tmp/storm32.elf.CbpKED.ltrans0.ltrans.o
 *fill*         0x0000000008002be8        0x8 
 .text.osalEventObjectInit.lto_priv.0
                0x0000000008002bf0       0x14 /tmp/storm32.elf.CbpKED.ltrans0.ltrans.o
 *fill*         0x0000000008002c04        0xc 
 .text.osalEventBroadcastFlagsI.lto_priv.1
                0x0000000008002c10       0x18 /tmp/storm32.elf.CbpKED.ltrans0.ltrans.o
 *fill*         0x0000000008002c28        0x8 
 .text._write.lto_priv.0
                0x0000000008002c30       0x28 /tmp/storm32.elf.CbpKED.ltrans0.ltrans.o
 *fill*         0x0000000008002c58        0x8 
 .text._read.lto_priv.0
                0x0000000008002c60       0x28 /tmp/storm32.elf.CbpKED.ltrans0.ltrans.o
 *fill*         0x0000000008002c88        0x8 
 .text._put.lto_priv.0
                0x0000000008002c90       0x28 /tmp/storm32.elf.CbpKED.ltrans0.ltrans.o
 *fill*         0x0000000008002cb8        0x8 
 .text._get.lto_priv.0
                0x0000000008002cc0       0x20 /tmp/storm32.elf.CbpKED.ltrans0.ltrans.o
 .text._putt.lto_priv.0
                0x0000000008002ce0       0x28 /tmp/storm32.elf.CbpKED.ltrans0.ltrans.o
 *fill*         0x0000000008002d08        0x8 
 .text._gett.lto_priv.0
                0x0000000008002d10       0x20 /tmp/storm32.elf.CbpKED.ltrans0.ltrans.o
 .text._writet.lto_priv.0
                0x0000000008002d30       0x28 /tmp/storm32.elf.CbpKED.ltrans0.ltrans.o
 *fill*         0x0000000008002d58        0x8 
 .text._readt.lto_priv.0
                0x0000000008002d60       0x28 /tmp/storm32.elf.CbpKED.ltrans0.ltrans.o
 *fill*         0x0000000008002d88        0x8 
 .text._ctl.lto_priv.0
                0x0000000008002d90       0x60 /tmp/storm32.elf.CbpKED.ltrans0.ltrans.o
 .text.sdInit   0x0000000008002df0        0x8 /tmp/storm32.elf.CbpKED.ltrans0.ltrans.o
 *fill*         0x0000000008002df8        0x8 
 .text.sdObjectInit
                0x0000000008002e00       0x5c /tmp/storm32.elf.CbpKED.ltrans0.ltrans.o
 *fill*         0x0000000008002e5c        0x4 
 .text.sdStart  0x0000000008002e60       0x54 /tmp/storm32.elf.CbpKED.ltrans0.ltrans.o
 *fill*         0x0000000008002eb4        0xc 
 .text.sdIncomingDataI
                0x0000000008002ec0       0x68 /tmp/storm32.elf.CbpKED.ltrans0.ltrans.o
 *fill*         0x0000000008002f28        0x8 
 .text.chSysLock.lto_priv.5
                0x0000000008002f30       0x18 /tmp/storm32.elf.CbpKED.ltrans0.ltrans.o
 *fill*         0x0000000008002f48        0x8 
 .text.chSysUnlock.lto_priv.5
                0x0000000008002f50       0x18 /tmp/storm32.elf.CbpKED.ltrans0.ltrans.o
 *fill*         0x0000000008002f68        0x8 
 .text.chSysLockFromISR.lto_priv.0
                0x0000000008002f70       0x18 /tmp/storm32.elf.CbpKED.ltrans0.ltrans.o
 *fill*         0x0000000008002f88        0x8 
 .text.chSysUnlockFromISR.lto_priv.0
                0x0000000008002f90       0x18 /tmp/storm32.elf.CbpKED.ltrans0.ltrans.o
 *fill*         0x0000000008002fa8        0x8 
 .text.osalSysLock.lto_priv.5
                0x0000000008002fb0        0x8 /tmp/storm32.elf.CbpKED.ltrans0.ltrans.o
 *fill*         0x0000000008002fb8        0x8 
 .text.osalSysUnlock.lto_priv.5
                0x0000000008002fc0        0x8 /tmp/storm32.elf.CbpKED.ltrans0.ltrans.o
 *fill*         0x0000000008002fc8        0x8 
 .text.osalSysLockFromISR.lto_priv.0
                0x0000000008002fd0        0x8 /tmp/storm32.elf.CbpKED.ltrans0.ltrans.o
 *fill*         0x0000000008002fd8        0x8 
 .text.osalSysUnlockFromISR.lto_priv.0
                0x0000000008002fe0        0x8 /tmp/storm32.elf.CbpKED.ltrans0.ltrans.o
 *fill*         0x0000000008002fe8        0x8 
 .text.osalThreadDequeueAllI.lto_priv.2
                0x0000000008002ff0       0x18 /tmp/storm32.elf.CbpKED.ltrans0.ltrans.o
 *fill*         0x0000000008003008        0x8 
 .text.osalEventObjectInit.lto_priv.1
                0x0000000008003010       0x14 /tmp/storm32.elf.CbpKED.ltrans0.ltrans.o
 *fill*         0x0000000008003024        0xc 
 .text.osalEventBroadcastFlagsI.lto_priv.2
                0x0000000008003030       0x18 /tmp/storm32.elf.CbpKED.ltrans0.ltrans.o
 *fill*         0x0000000008003048        0x8 
 .text.sdu_start_receive
                0x0000000008003050       0x80 /tmp/storm32.elf.CbpKED.ltrans0.ltrans.o
 .text._write.lto_priv.1
                0x00000000080030d0       0x28 /tmp/storm32.elf.CbpKED.ltrans0.ltrans.o
 *fill*         0x00000000080030f8        0x8 
 .text._read.lto_priv.1
                0x0000000008003100       0x28 /tmp/storm32.elf.CbpKED.ltrans0.ltrans.o
 *fill*         0x0000000008003128        0x8 
 .text._put.lto_priv.1
                0x0000000008003130       0x28 /tmp/storm32.elf.CbpKED.ltrans0.ltrans.o
 *fill*         0x0000000008003158        0x8 
 .text._get.lto_priv.1
                0x0000000008003160       0x20 /tmp/storm32.elf.CbpKED.ltrans0.ltrans.o
 .text._putt.lto_priv.1
                0x0000000008003180       0x28 /tmp/storm32.elf.CbpKED.ltrans0.ltrans.o
 *fill*         0x00000000080031a8        0x8 
 .text._gett.lto_priv.1
                0x00000000080031b0       0x20 /tmp/storm32.elf.CbpKED.ltrans0.ltrans.o
 .text._writet.lto_priv.1
                0x00000000080031d0       0x28 /tmp/storm32.elf.CbpKED.ltrans0.ltrans.o
 *fill*         0x00000000080031f8        0x8 
 .text._readt.lto_priv.1
                0x0000000008003200       0x28 /tmp/storm32.elf.CbpKED.ltrans0.ltrans.o
 *fill*         0x0000000008003228        0x8 
 .text._ctl.lto_priv.1
                0x0000000008003230       0x54 /tmp/storm32.elf.CbpKED.ltrans0.ltrans.o
 *fill*         0x0000000008003284        0xc 
 .text.ibnotify
                0x0000000008003290       0x18 /tmp/storm32.elf.CbpKED.ltrans0.ltrans.o
 *fill*         0x00000000080032a8        0x8 
 .text.obnotify
                0x00000000080032b0       0x78 /tmp/storm32.elf.CbpKED.ltrans0.ltrans.o
 *fill*         0x0000000008003328        0x8 
 .text.sduInit  0x0000000008003330        0x4 /tmp/storm32.elf.CbpKED.ltrans0.ltrans.o
 *fill*         0x0000000008003334        0xc 
 .text.sduObjectInit
                0x0000000008003340       0x74 /tmp/storm32.elf.CbpKED.ltrans0.ltrans.o
 *fill*         0x00000000080033b4        0xc 
 .text.sduStart
                0x00000000080033c0       0x84 /tmp/storm32.elf.CbpKED.ltrans0.ltrans.o
 *fill*         0x0000000008003444        0xc 
 .text.sduSuspendHookI
                0x0000000008003450       0x58 /tmp/storm32.elf.CbpKED.ltrans0.ltrans.o
 *fill*         0x00000000080034a8        0x8 
 .text.sduWakeupHookI
                0x00000000080034b0       0x28 /tmp/storm32.elf.CbpKED.ltrans0.ltrans.o
 *fill*         0x00000000080034d8        0x8 
 .text.sduConfigureHookI
                0x00000000080034e0       0x40 /tmp/storm32.elf.CbpKED.ltrans0.ltrans.o
 .text.sduRequestsHook
                0x0000000008003520       0x7c /tmp/storm32.elf.CbpKED.ltrans0.ltrans.o
 *fill*         0x000000000800359c        0x4 
 .text.sduSOFHookI
                0x00000000080035a0       0x84 /tmp/storm32.elf.CbpKED.ltrans0.ltrans.o
 *fill*         0x0000000008003624        0xc 
 .text.sduDataTransmitted
                0x0000000008003630       0xdc /tmp/storm32.elf.CbpKED.ltrans0.ltrans.o
 *fill*         0x000000000800370c        0x4 
 .text.sduDataReceived
                0x0000000008003710       0x78 /tmp/storm32.elf.CbpKED.ltrans0.ltrans.o
 *fill*         0x0000000008003788        0x8 
 .text.sduInterruptTransmitted
                0x0000000008003790       0x10 /tmp/storm32.elf.CbpKED.ltrans0.ltrans.o
 .text.chSysLock.lto_priv.6
                0x00000000080037a0       0x18 /tmp/storm32.elf.CbpKED.ltrans0.ltrans.o
 *fill*         0x00000000080037b8        0x8 
 .text.chSysUnlock.lto_priv.6
                0x00000000080037c0       0x18 /tmp/storm32.elf.CbpKED.ltrans0.ltrans.o
 *fill*         0x00000000080037d8        0x8 
 .text.chSysLockFromISR.lto_priv.1
                0x00000000080037e0       0x18 /tmp/storm32.elf.CbpKED.ltrans0.ltrans.o
 *fill*         0x00000000080037f8        0x8 
 .text.chSysUnlockFromISR.lto_priv.1
                0x0000000008003800       0x18 /tmp/storm32.elf.CbpKED.ltrans0.ltrans.o
 *fill*         0x0000000008003818        0x8 
 .text.osalSysLock.lto_priv.6
                0x0000000008003820        0x8 /tmp/storm32.elf.CbpKED.ltrans0.ltrans.o
 *fill*         0x0000000008003828        0x8 
 .text.osalSysUnlock.lto_priv.6
                0x0000000008003830        0x8 /tmp/storm32.elf.CbpKED.ltrans0.ltrans.o
 *fill*         0x0000000008003838        0x8 
 .text.osalSysLockFromISR.lto_priv.1
                0x0000000008003840        0x8 /tmp/storm32.elf.CbpKED.ltrans0.ltrans.o
 *fill*         0x0000000008003848        0x8 
 .text.osalSysUnlockFromISR.lto_priv.1
                0x0000000008003850        0x8 /tmp/storm32.elf.CbpKED.ltrans0.ltrans.o
 *fill*         0x0000000008003858        0x8 
 .text.get_hword
                0x0000000008003860       0x30 /tmp/storm32.elf.CbpKED.ltrans0.ltrans.o
 .text.set_address
                0x0000000008003890       0x3c /tmp/storm32.elf.CbpKED.ltrans0.ltrans.o
 *fill*         0x00000000080038cc        0x4 
 .text.default_handler
                0x00000000080038d0      0x3f4 /tmp/storm32.elf.CbpKED.ltrans0.ltrans.o
 *fill*         0x0000000008003cc4        0xc 
 .text.usbInit  0x0000000008003cd0        0x8 /tmp/storm32.elf.CbpKED.ltrans0.ltrans.o
 *fill*         0x0000000008003cd8        0x8 
 .text.usbObjectInit
                0x0000000008003ce0       0x4c /tmp/storm32.elf.CbpKED.ltrans0.ltrans.o
 *fill*         0x0000000008003d2c        0x4 
 .text.usbStart
                0x0000000008003d30       0x88 /tmp/storm32.elf.CbpKED.ltrans0.ltrans.o
 *fill*         0x0000000008003db8        0x8 
 .text.usbInitEndpointI
                0x0000000008003dc0       0x8c /tmp/storm32.elf.CbpKED.ltrans0.ltrans.o
 *fill*         0x0000000008003e4c        0x4 
 .text.usbDisableEndpointsI
                0x0000000008003e50       0x6c /tmp/storm32.elf.CbpKED.ltrans0.ltrans.o
 *fill*         0x0000000008003ebc        0x4 
 .text.usbStartReceiveI
                0x0000000008003ec0       0x90 /tmp/storm32.elf.CbpKED.ltrans0.ltrans.o
 .text.usbStartTransmitI
                0x0000000008003f50       0x90 /tmp/storm32.elf.CbpKED.ltrans0.ltrans.o
 .text._usb_reset
                0x0000000008003fe0       0x7c /tmp/storm32.elf.CbpKED.ltrans0.ltrans.o
 *fill*         0x000000000800405c        0x4 
 .text._usb_suspend
                0x0000000008004060       0x48 /tmp/storm32.elf.CbpKED.ltrans0.ltrans.o
 *fill*         0x00000000080040a8        0x8 
 .text._usb_wakeup
                0x00000000080040b0       0x34 /tmp/storm32.elf.CbpKED.ltrans0.ltrans.o
 *fill*         0x00000000080040e4        0xc 
 .text._usb_ep0setup
                0x00000000080040f0      0x160 /tmp/storm32.elf.CbpKED.ltrans0.ltrans.o
 .text._usb_ep0in
                0x0000000008004250      0x134 /tmp/storm32.elf.CbpKED.ltrans0.ltrans.o
 *fill*         0x0000000008004384        0xc 
 .text._usb_ep0out
                0x0000000008004390       0xec /tmp/storm32.elf.CbpKED.ltrans0.ltrans.o
 *fill*         0x000000000800447c        0x4 
 .text.long_to_string_with_divisor
                0x0000000008004480       0xa0 /tmp/storm32.elf.CbpKED.ltrans0.ltrans.o
 .text.ch_ltoa  0x0000000008004520       0x20 /tmp/storm32.elf.CbpKED.ltrans0.ltrans.o
 .text.chvprintf
                0x0000000008004540      0x4c8 /tmp/storm32.elf.CbpKED.ltrans0.ltrans.o
 *fill*         0x0000000008004a08        0x8 
 .text.chprintf
                0x0000000008004a10       0x28 /tmp/storm32.elf.CbpKED.ltrans0.ltrans.o
 *fill*         0x0000000008004a38        0x8 
 .text.nvicEnableVector
                0x0000000008004a40       0x54 /tmp/storm32.elf.CbpKED.ltrans0.ltrans.o
 *fill*         0x0000000008004a94        0xc 
 .text.nvicDisableVector
                0x0000000008004aa0       0x4c /tmp/storm32.elf.CbpKED.ltrans0.ltrans.o
 *fill*         0x0000000008004aec        0x4 
 .text.nvicSetSystemHandlerPriority
                0x0000000008004af0       0x40 /tmp/storm32.elf.CbpKED.ltrans0.ltrans.o
 .text.irqInit  0x0000000008004b30       0x3c /tmp/storm32.elf.CbpKED.ltrans0.ltrans.o
 *fill*         0x0000000008004b6c        0x4 
 .text.hal_lld_backup_domain_init
                0x0000000008004b70       0x14 /tmp/storm32.elf.CbpKED.ltrans0.ltrans.o
 *fill*         0x0000000008004b84        0xc 
 .text.hal_lld_init
                0x0000000008004b90       0x68 /tmp/storm32.elf.CbpKED.ltrans0.ltrans.o
 *fill*         0x0000000008004bf8        0x8 
 .text.stm32_clock_init
                0x0000000008004c00       0x8c /tmp/storm32.elf.CbpKED.ltrans0.ltrans.o
 *fill*         0x0000000008004c8c        0x4 
 .text.Vector6C
                0x0000000008004c90       0x1c /tmp/storm32.elf.CbpKED.ltrans0.ltrans.o
                0x0000000008004c90                Vector6C
 *fill*         0x0000000008004cac        0x4 
 .text.Vector70
                0x0000000008004cb0       0x1c /tmp/storm32.elf.CbpKED.ltrans0.ltrans.o
                0x0000000008004cb0                Vector70
 *fill*         0x0000000008004ccc        0x4 
 .text.Vector74
                0x0000000008004cd0       0x1c /tmp/storm32.elf.CbpKED.ltrans0.ltrans.o
                0x0000000008004cd0                Vector74
 *fill*         0x0000000008004cec        0x4 
 .text.Vector78
                0x0000000008004cf0       0x1c /tmp/storm32.elf.CbpKED.ltrans0.ltrans.o
                0x0000000008004cf0                Vector78
 *fill*         0x0000000008004d0c        0x4 
 .text.Vector7C
                0x0000000008004d10       0x1c /tmp/storm32.elf.CbpKED.ltrans0.ltrans.o
                0x0000000008004d10                Vector7C
 *fill*         0x0000000008004d2c        0x4 
 .text.Vector80
                0x0000000008004d30       0x1c /tmp/storm32.elf.CbpKED.ltrans0.ltrans.o
                0x0000000008004d30                Vector80
 *fill*         0x0000000008004d4c        0x4 
 .text.Vector84
                0x0000000008004d50       0x1c /tmp/storm32.elf.CbpKED.ltrans0.ltrans.o
                0x0000000008004d50                Vector84
 *fill*         0x0000000008004d6c        0x4 
 .text.dmaInit  0x0000000008004d70       0x54 /tmp/storm32.elf.CbpKED.ltrans0.ltrans.o
 *fill*         0x0000000008004dc4        0xc 
 .text.dmaStreamAllocI
                0x0000000008004dd0      0x110 /tmp/storm32.elf.CbpKED.ltrans0.ltrans.o
 .text.dmaStreamFreeI
                0x0000000008004ee0       0xac /tmp/storm32.elf.CbpKED.ltrans0.ltrans.o
 *fill*         0x0000000008004f8c        0x4 
 .text.dmaServeInterrupt
                0x0000000008004f90       0x70 /tmp/storm32.elf.CbpKED.ltrans0.ltrans.o
 .text._pal_lld_init
                0x0000000008005000       0xa8 /tmp/storm32.elf.CbpKED.ltrans0.ltrans.o
 *fill*         0x00000000080050a8        0x8 
 .text._pal_lld_setgroupmode
                0x00000000080050b0       0xcc /tmp/storm32.elf.CbpKED.ltrans0.ltrans.o
 *fill*         0x000000000800517c        0x4 
 .text.chTimeAddX
                0x0000000008005180       0x40 /tmp/storm32.elf.CbpKED.ltrans0.ltrans.o
 .text.chTimeIsInRangeX.lto_priv.0
                0x00000000080051c0       0x3c /tmp/storm32.elf.CbpKED.ltrans0.ltrans.o
 *fill*         0x00000000080051fc        0x4 
 .text.chSysLock.lto_priv.8
                0x0000000008005200       0x18 /tmp/storm32.elf.CbpKED.ltrans0.ltrans.o
 *fill*         0x0000000008005218        0x8 
 .text.chSysUnlock.lto_priv.8
                0x0000000008005220       0x18 /tmp/storm32.elf.CbpKED.ltrans0.ltrans.o
 *fill*         0x0000000008005238        0x8 
 .text.chSysLockFromISR.lto_priv.2
                0x0000000008005240       0x18 /tmp/storm32.elf.CbpKED.ltrans0.ltrans.o
 *fill*         0x0000000008005258        0x8 
 .text.chSysUnlockFromISR.lto_priv.2
                0x0000000008005260       0x18 /tmp/storm32.elf.CbpKED.ltrans0.ltrans.o
 *fill*         0x0000000008005278        0x8 
 .text.chVTGetSystemTimeX.lto_priv.0
                0x0000000008005280       0x10 /tmp/storm32.elf.CbpKED.ltrans0.ltrans.o
 .text.osalSysHalt
                0x0000000008005290       0x14 /tmp/storm32.elf.CbpKED.ltrans0.ltrans.o
 *fill*         0x00000000080052a4        0xc 
 .text.osalSysLock.lto_priv.8
                0x00000000080052b0        0x8 /tmp/storm32.elf.CbpKED.ltrans0.ltrans.o
 *fill*         0x00000000080052b8        0x8 
 .text.osalSysUnlock.lto_priv.8
                0x00000000080052c0        0x8 /tmp/storm32.elf.CbpKED.ltrans0.ltrans.o
 *fill*         0x00000000080052c8        0x8 
 .text.osalSysLockFromISR.lto_priv.2
                0x00000000080052d0        0x8 /tmp/storm32.elf.CbpKED.ltrans0.ltrans.o
 *fill*         0x00000000080052d8        0x8 
 .text.osalSysUnlockFromISR.lto_priv.2
                0x00000000080052e0        0x8 /tmp/storm32.elf.CbpKED.ltrans0.ltrans.o
 *fill*         0x00000000080052e8        0x8 
 .text.osalOsGetSystemTimeX
                0x00000000080052f0        0xc /tmp/storm32.elf.CbpKED.ltrans0.ltrans.o
 *fill*         0x00000000080052fc        0x4 
 .text.osalTimeAddX
                0x0000000008005300       0x24 /tmp/storm32.elf.CbpKED.ltrans0.ltrans.o
 *fill*         0x0000000008005324        0xc 
 .text.osalTimeIsInRangeX
                0x0000000008005330       0x34 /tmp/storm32.elf.CbpKED.ltrans0.ltrans.o
 *fill*         0x0000000008005364        0xc 
 .text.osalThreadSuspendTimeoutS
                0x0000000008005370       0x1c /tmp/storm32.elf.CbpKED.ltrans0.ltrans.o
 *fill*         0x000000000800538c        0x4 
 .text.osalThreadResumeI
                0x0000000008005390       0x18 /tmp/storm32.elf.CbpKED.ltrans0.ltrans.o
 *fill*         0x00000000080053a8        0x8 
 .text.i2c_lld_abort_operation
                0x00000000080053b0       0x7c /tmp/storm32.elf.CbpKED.ltrans0.ltrans.o
 *fill*         0x000000000800542c        0x4 
 .text.i2c_lld_set_clock
                0x0000000008005430      0x14c /tmp/storm32.elf.CbpKED.ltrans0.ltrans.o
 *fill*         0x000000000800557c        0x4 
 .text.i2c_lld_set_opmode
                0x0000000008005580       0x74 /tmp/storm32.elf.CbpKED.ltrans0.ltrans.o
 *fill*         0x00000000080055f4        0xc 
 .text.i2c_lld_serve_event_interrupt
                0x0000000008005600      0x204 /tmp/storm32.elf.CbpKED.ltrans0.ltrans.o
 *fill*         0x0000000008005804        0xc 
 .text.i2c_lld_serve_rx_end_irq
                0x0000000008005810       0x8c /tmp/storm32.elf.CbpKED.ltrans0.ltrans.o
 *fill*         0x000000000800589c        0x4 
 .text.i2c_lld_serve_tx_end_irq
                0x00000000080058a0       0x60 /tmp/storm32.elf.CbpKED.ltrans0.ltrans.o
 .text.i2c_lld_serve_error_interrupt
                0x0000000008005900      0x150 /tmp/storm32.elf.CbpKED.ltrans0.ltrans.o
 .text.VectorBC
                0x0000000008005a50       0x1c /tmp/storm32.elf.CbpKED.ltrans0.ltrans.o
                0x0000000008005a50                VectorBC
 *fill*         0x0000000008005a6c        0x4 
 .text.VectorC0
                0x0000000008005a70       0x40 /tmp/storm32.elf.CbpKED.ltrans0.ltrans.o
                0x0000000008005a70                VectorC0
 .text.VectorC4
                0x0000000008005ab0       0x1c /tmp/storm32.elf.CbpKED.ltrans0.ltrans.o
                0x0000000008005ab0                VectorC4
 *fill*         0x0000000008005acc        0x4 
 .text.VectorC8
                0x0000000008005ad0       0x40 /tmp/storm32.elf.CbpKED.ltrans0.ltrans.o
                0x0000000008005ad0                VectorC8
 .text.i2c_lld_init
                0x0000000008005b10       0x50 /tmp/storm32.elf.CbpKED.ltrans0.ltrans.o
 .text.i2c_lld_start
                0x0000000008005b60      0x188 /tmp/storm32.elf.CbpKED.ltrans0.ltrans.o
 *fill*         0x0000000008005ce8        0x8 
 .text.i2c_lld_stop
                0x0000000008005cf0       0x90 /tmp/storm32.elf.CbpKED.ltrans0.ltrans.o
 .text.i2c_lld_master_transmit_timeout
                0x0000000008005d80      0x1f4 /tmp/storm32.elf.CbpKED.ltrans0.ltrans.o
 *fill*         0x0000000008005f74        0xc 
 .text.chSysLockFromISR.lto_priv.3
                0x0000000008005f80       0x18 /tmp/storm32.elf.CbpKED.ltrans0.ltrans.o
 *fill*         0x0000000008005f98        0x8 
 .text.chSysUnlockFromISR.lto_priv.3
                0x0000000008005fa0       0x18 /tmp/storm32.elf.CbpKED.ltrans0.ltrans.o
 *fill*         0x0000000008005fb8        0x8 
 .text.osalSysLockFromISR.lto_priv.3
                0x0000000008005fc0        0x8 /tmp/storm32.elf.CbpKED.ltrans0.ltrans.o
 *fill*         0x0000000008005fc8        0x8 
 .text.osalSysUnlockFromISR.lto_priv.3
                0x0000000008005fd0        0x8 /tmp/storm32.elf.CbpKED.ltrans0.ltrans.o
 *fill*         0x0000000008005fd8        0x8 
 .text.osalOsTimerHandlerI
                0x0000000008005fe0        0x8 /tmp/storm32.elf.CbpKED.ltrans0.ltrans.o
 *fill*         0x0000000008005fe8        0x8 
 .text.SysTick_Handler
                0x0000000008005ff0       0x14 /tmp/storm32.elf.CbpKED.ltrans0.ltrans.o
                0x0000000008005ff0                SysTick_Handler
 *fill*         0x0000000008006004        0xc 
 .text.st_lld_init
                0x0000000008006010       0x24 /tmp/storm32.elf.CbpKED.ltrans0.ltrans.o
 *fill*         0x0000000008006034        0xc 
 .text.st_lld_serve_interrupt
                0x0000000008006040       0x10 /tmp/storm32.elf.CbpKED.ltrans0.ltrans.o
 .text.VectorB0
                0x0000000008006050       0x1c /tmp/storm32.elf.CbpKED.ltrans0.ltrans.o
                0x0000000008006050                VectorB0
 *fill*         0x000000000800606c        0x4 
 .text.VectorB4
                0x0000000008006070       0x1c /tmp/storm32.elf.CbpKED.ltrans0.ltrans.o
                0x0000000008006070                VectorB4
 *fill*         0x000000000800608c        0x4 
 .text.VectorB8
                0x0000000008006090       0x1c /tmp/storm32.elf.CbpKED.ltrans0.ltrans.o
                0x0000000008006090                VectorB8
 *fill*         0x00000000080060ac        0x4 
 .text.pwm_lld_init
                0x00000000080060b0       0x64 /tmp/storm32.elf.CbpKED.ltrans0.ltrans.o
 *fill*         0x0000000008006114        0xc 
 .text.pwm_lld_start
                0x0000000008006120      0x2cc /tmp/storm32.elf.CbpKED.ltrans0.ltrans.o
 *fill*         0x00000000080063ec        0x4 
 .text.pwm_lld_enable_channel
                0x00000000080063f0       0x24 /tmp/storm32.elf.CbpKED.ltrans0.ltrans.o
 *fill*         0x0000000008006414        0xc 
 .text.pwm_lld_serve_interrupt
                0x0000000008006420       0xc4 /tmp/storm32.elf.CbpKED.ltrans0.ltrans.o
 *fill*         0x00000000080064e4        0xc 
 .text.chSysLockFromISR.lto_priv.4
                0x00000000080064f0       0x18 /tmp/storm32.elf.CbpKED.ltrans0.ltrans.o
 *fill*         0x0000000008006508        0x8 
 .text.chSysUnlockFromISR.lto_priv.4
                0x0000000008006510       0x18 /tmp/storm32.elf.CbpKED.ltrans0.ltrans.o
 *fill*         0x0000000008006528        0x8 
 .text.osalSysLockFromISR.lto_priv.4
                0x0000000008006530        0x8 /tmp/storm32.elf.CbpKED.ltrans0.ltrans.o
 *fill*         0x0000000008006538        0x8 
 .text.osalSysUnlockFromISR.lto_priv.4
                0x0000000008006540        0x8 /tmp/storm32.elf.CbpKED.ltrans0.ltrans.o
 *fill*         0x0000000008006548        0x8 
 .text.osalEventBroadcastFlagsI.lto_priv.3
                0x0000000008006550       0x18 /tmp/storm32.elf.CbpKED.ltrans0.ltrans.o
 *fill*         0x0000000008006568        0x8 
 .text.usart_init
                0x0000000008006570       0x90 /tmp/storm32.elf.CbpKED.ltrans0.ltrans.o
 .text.set_error
                0x0000000008006600       0x74 /tmp/storm32.elf.CbpKED.ltrans0.ltrans.o
 *fill*         0x0000000008006674        0xc 
 .text.notify3  0x0000000008006680       0x18 /tmp/storm32.elf.CbpKED.ltrans0.ltrans.o
 *fill*         0x0000000008006698        0x8 
 .text.VectorDC
                0x00000000080066a0       0x1c /tmp/storm32.elf.CbpKED.ltrans0.ltrans.o
                0x00000000080066a0                VectorDC
 *fill*         0x00000000080066bc        0x4 
 .text.sd_lld_init
                0x00000000080066c0       0x34 /tmp/storm32.elf.CbpKED.ltrans0.ltrans.o
 *fill*         0x00000000080066f4        0xc 
 .text.sd_lld_start
                0x0000000008006700       0x4c /tmp/storm32.elf.CbpKED.ltrans0.ltrans.o
 *fill*         0x000000000800674c        0x4 
 .text.sd_lld_serve_interrupt
                0x0000000008006750      0x164 /tmp/storm32.elf.CbpKED.ltrans0.ltrans.o
 *fill*         0x00000000080068b4        0xc 
 .text.usb_pm_reset
                0x00000000080068c0       0x10 /tmp/storm32.elf.CbpKED.ltrans0.ltrans.o
 .text.usb_pm_alloc
                0x00000000080068d0       0x2c /tmp/storm32.elf.CbpKED.ltrans0.ltrans.o
 *fill*         0x00000000080068fc        0x4 
 .text.usb_packet_read_to_buffer
                0x0000000008006900       0x8c /tmp/storm32.elf.CbpKED.ltrans0.ltrans.o
 *fill*         0x000000000800698c        0x4 
 .text.usb_packet_write_from_buffer
                0x0000000008006990       0x78 /tmp/storm32.elf.CbpKED.ltrans0.ltrans.o
 *fill*         0x0000000008006a08        0x8 
 .text.usb_serve_endpoints
                0x0000000008006a10      0x230 /tmp/storm32.elf.CbpKED.ltrans0.ltrans.o
 .text.Vector90
                0x0000000008006c40       0xc0 /tmp/storm32.elf.CbpKED.ltrans0.ltrans.o
                0x0000000008006c40                Vector90
 .text.usb_lld_init
                0x0000000008006d00       0x10 /tmp/storm32.elf.CbpKED.ltrans0.ltrans.o
 .text.usb_lld_start
                0x0000000008006d10       0x78 /tmp/storm32.elf.CbpKED.ltrans0.ltrans.o
 *fill*         0x0000000008006d88        0x8 
 .text.usb_lld_reset
                0x0000000008006d90       0x58 /tmp/storm32.elf.CbpKED.ltrans0.ltrans.o
 *fill*         0x0000000008006de8        0x8 
 .text.usb_lld_set_address
                0x0000000008006df0       0x1c /tmp/storm32.elf.CbpKED.ltrans0.ltrans.o
 *fill*         0x0000000008006e0c        0x4 
 .text.usb_lld_init_endpoint
                0x0000000008006e10      0x130 /tmp/storm32.elf.CbpKED.ltrans0.ltrans.o
 .text.usb_lld_disable_endpoints
                0x0000000008006f40       0x44 /tmp/storm32.elf.CbpKED.ltrans0.ltrans.o
 *fill*         0x0000000008006f84        0xc 
 .text.usb_lld_get_status_out
                0x0000000008006f90       0x38 /tmp/storm32.elf.CbpKED.ltrans0.ltrans.o
 *fill*         0x0000000008006fc8        0x8 
 .text.usb_lld_get_status_in
                0x0000000008006fd0       0x38 /tmp/storm32.elf.CbpKED.ltrans0.ltrans.o
 *fill*         0x0000000008007008        0x8 
 .text.usb_lld_read_setup
                0x0000000008007010       0x60 /tmp/storm32.elf.CbpKED.ltrans0.ltrans.o
 .text.usb_lld_start_out
                0x0000000008007070       0x90 /tmp/storm32.elf.CbpKED.ltrans0.ltrans.o
 .text.usb_lld_start_in
                0x0000000008007100       0x98 /tmp/storm32.elf.CbpKED.ltrans0.ltrans.o
 *fill*         0x0000000008007198        0x8 
 .text.usb_lld_stall_out
                0x00000000080071a0       0x3c /tmp/storm32.elf.CbpKED.ltrans0.ltrans.o
 *fill*         0x00000000080071dc        0x4 
 .text.usb_lld_stall_in
                0x00000000080071e0       0x3c /tmp/storm32.elf.CbpKED.ltrans0.ltrans.o
 *fill*         0x000000000800721c        0x4 
 .text.usb_lld_clear_out
                0x0000000008007220       0x50 /tmp/storm32.elf.CbpKED.ltrans0.ltrans.o
 .text.usb_lld_clear_in
                0x0000000008007270       0x4c /tmp/storm32.elf.CbpKED.ltrans0.ltrans.o
 *fill*         0x00000000080072bc        0x4 
 .text.__early_init
                0x00000000080072c0        0x8 /tmp/storm32.elf.CbpKED.ltrans0.ltrans.o
                0x00000000080072c0                __early_init
 *fill*         0x00000000080072c8        0x8 
 .text.boardInit
                0x00000000080072d0        0x4 /tmp/storm32.elf.CbpKED.ltrans0.ltrans.o
 *fill*         0x00000000080072d4        0xc 
 .text.__tm_calibration_object_init
                0x00000000080072e0       0x40 /tmp/storm32.elf.CbpKED.ltrans0.ltrans.o
 .text.chSysUnlock.lto_priv.9
                0x0000000008007320       0x18 /tmp/storm32.elf.CbpKED.ltrans0.ltrans.o
 *fill*         0x0000000008007338        0x8 
 .text.__oslib_init
                0x0000000008007340       0x10 /tmp/storm32.elf.CbpKED.ltrans0.ltrans.o
 .text.chSysInit
                0x0000000008007350       0x5c /tmp/storm32.elf.CbpKED.ltrans0.ltrans.o
 *fill*         0x00000000080073ac        0x4 
 .text.chSysHalt
                0x00000000080073b0       0x20 /tmp/storm32.elf.CbpKED.ltrans0.ltrans.o
 .text.chSysTimerHandlerI
                0x00000000080073d0        0xc /tmp/storm32.elf.CbpKED.ltrans0.ltrans.o
 *fill*         0x00000000080073dc        0x4 
 .text.__dbg_check_lock
                0x00000000080073e0       0x4c /tmp/storm32.elf.CbpKED.ltrans0.ltrans.o
                0x00000000080073e0                __dbg_check_lock
 *fill*         0x000000000800742c        0x4 
 .text.__dbg_check_unlock
                0x0000000008007430       0x4c /tmp/storm32.elf.CbpKED.ltrans0.ltrans.o
                0x0000000008007430                __dbg_check_unlock
 *fill*         0x000000000800747c        0x4 
 .text.__dbg_check_lock_from_isr
                0x0000000008007480       0x4c /tmp/storm32.elf.CbpKED.ltrans0.ltrans.o
 *fill*         0x00000000080074cc        0x4 
 .text.__dbg_check_unlock_from_isr
                0x00000000080074d0       0x4c /tmp/storm32.elf.CbpKED.ltrans0.ltrans.o
 *fill*         0x000000000800751c        0x4 
 .text.__dbg_check_enter_isr
                0x0000000008007520       0x60 /tmp/storm32.elf.CbpKED.ltrans0.ltrans.o
 .text.__dbg_check_leave_isr
                0x0000000008007580       0x68 /tmp/storm32.elf.CbpKED.ltrans0.ltrans.o
 *fill*         0x00000000080075e8        0x8 
 .text.chDbgCheckClassI
                0x00000000080075f0       0x40 /tmp/storm32.elf.CbpKED.ltrans0.ltrans.o
 .text.chDbgCheckClassS
                0x0000000008007630       0x44 /tmp/storm32.elf.CbpKED.ltrans0.ltrans.o
 *fill*         0x0000000008007674        0xc 
 .text.ch_dlist_notempty
                0x0000000008007680       0x1c /tmp/storm32.elf.CbpKED.ltrans0.ltrans.o
 *fill*         0x000000000800769c        0x4 
 .text.ch_dlist_insert_before
                0x00000000080076a0       0x30 /tmp/storm32.elf.CbpKED.ltrans0.ltrans.o
 .text.ch_dlist_insert
                0x00000000080076d0       0x5c /tmp/storm32.elf.CbpKED.ltrans0.ltrans.o
 *fill*         0x000000000800772c        0x4 
 .text.ch_dlist_dequeue
                0x0000000008007730       0x20 /tmp/storm32.elf.CbpKED.ltrans0.ltrans.o
 .text.chSysLockFromISR.lto_priv.6
                0x0000000008007750       0x18 /tmp/storm32.elf.CbpKED.ltrans0.ltrans.o
 *fill*         0x0000000008007768        0x8 
 .text.chSysUnlockFromISR.lto_priv.6
                0x0000000008007770       0x18 /tmp/storm32.elf.CbpKED.ltrans0.ltrans.o
 *fill*         0x0000000008007788        0x8 
 .text.vt_enqueue
                0x0000000008007790       0x20 /tmp/storm32.elf.CbpKED.ltrans0.ltrans.o
 .text.chVTDoSetI
                0x00000000080077b0       0x80 /tmp/storm32.elf.CbpKED.ltrans0.ltrans.o
 .text.chVTDoResetI
                0x0000000008007830       0x5c /tmp/storm32.elf.CbpKED.ltrans0.ltrans.o
 *fill*         0x000000000800788c        0x4 
 .text.chVTDoTickI
                0x0000000008007890       0x88 /tmp/storm32.elf.CbpKED.ltrans0.ltrans.o
 *fill*         0x0000000008007918        0x8 
 .text.ch_queue_dequeue.lto_priv.0
                0x0000000008007920       0x20 /tmp/storm32.elf.CbpKED.ltrans0.ltrans.o
 .text.ch_pqueue_remove_highest
                0x0000000008007940       0x24 /tmp/storm32.elf.CbpKED.ltrans0.ltrans.o
 *fill*         0x0000000008007964        0xc 
 .text.ch_pqueue_insert_behind
                0x0000000008007970       0x48 /tmp/storm32.elf.CbpKED.ltrans0.ltrans.o
 *fill*         0x00000000080079b8        0x8 
 .text.ch_pqueue_insert_ahead
                0x00000000080079c0       0x48 /tmp/storm32.elf.CbpKED.ltrans0.ltrans.o
 *fill*         0x0000000008007a08        0x8 
 .text.chSysLockFromISR.lto_priv.7
                0x0000000008007a10       0x18 /tmp/storm32.elf.CbpKED.ltrans0.ltrans.o
 *fill*         0x0000000008007a28        0x8 
 .text.chSysUnlockFromISR.lto_priv.7
                0x0000000008007a30       0x18 /tmp/storm32.elf.CbpKED.ltrans0.ltrans.o
 *fill*         0x0000000008007a48        0x8 
 .text.chVTIsArmedI
                0x0000000008007a50       0x20 /tmp/storm32.elf.CbpKED.ltrans0.ltrans.o
 .text.chSemFastSignalI.lto_priv.0
                0x0000000008007a70       0x1c /tmp/storm32.elf.CbpKED.ltrans0.ltrans.o
 *fill*         0x0000000008007a8c        0x4 
 .text.__sch_ready_behind
                0x0000000008007a90       0x28 /tmp/storm32.elf.CbpKED.ltrans0.ltrans.o
 *fill*         0x0000000008007ab8        0x8 
 .text.__sch_ready_ahead
                0x0000000008007ac0       0x28 /tmp/storm32.elf.CbpKED.ltrans0.ltrans.o
 *fill*         0x0000000008007ae8        0x8 
 .text.__sch_reschedule_ahead
                0x0000000008007af0       0x40 /tmp/storm32.elf.CbpKED.ltrans0.ltrans.o
 .text.__sch_wakeup
                0x0000000008007b30       0x90 /tmp/storm32.elf.CbpKED.ltrans0.ltrans.o
 .text.chSchReadyI
                0x0000000008007bc0       0x34 /tmp/storm32.elf.CbpKED.ltrans0.ltrans.o
 *fill*         0x0000000008007bf4        0xc 
 .text.chSchGoSleepS
                0x0000000008007c00       0x48 /tmp/storm32.elf.CbpKED.ltrans0.ltrans.o
 *fill*         0x0000000008007c48        0x8 
 .text.chSchGoSleepTimeoutS
                0x0000000008007c50       0x6c /tmp/storm32.elf.CbpKED.ltrans0.ltrans.o
 *fill*         0x0000000008007cbc        0x4 
 .text.chSchWakeupS
                0x0000000008007cc0       0x60 /tmp/storm32.elf.CbpKED.ltrans0.ltrans.o
 .text.chSchRescheduleS
                0x0000000008007d20       0x38 /tmp/storm32.elf.CbpKED.ltrans0.ltrans.o
 *fill*         0x0000000008007d58        0x8 
 .text.chSchIsPreemptionRequired
                0x0000000008007d60       0x34 /tmp/storm32.elf.CbpKED.ltrans0.ltrans.o
 *fill*         0x0000000008007d94        0xc 
 .text.chSchDoPreemption
                0x0000000008007da0       0x40 /tmp/storm32.elf.CbpKED.ltrans0.ltrans.o
                0x0000000008007da0                chSchDoPreemption
 .text.__rfcu_object_init
                0x0000000008007de0       0x10 /tmp/storm32.elf.CbpKED.ltrans0.ltrans.o
 .text.__dbg_object_init
                0x0000000008007df0       0x1c /tmp/storm32.elf.CbpKED.ltrans0.ltrans.o
 *fill*         0x0000000008007e0c        0x4 
 .text.ch_queue_init.lto_priv.0
                0x0000000008007e10       0x14 /tmp/storm32.elf.CbpKED.ltrans0.ltrans.o
 *fill*         0x0000000008007e24        0xc 
 .text.ch_queue_insert.lto_priv.0
                0x0000000008007e30       0x28 /tmp/storm32.elf.CbpKED.ltrans0.ltrans.o
 *fill*         0x0000000008007e58        0x8 
 .text.ch_pqueue_init
                0x0000000008007e60       0x1c /tmp/storm32.elf.CbpKED.ltrans0.ltrans.o
 *fill*         0x0000000008007e7c        0x4 
 .text.ch_dlist_init
                0x0000000008007e80       0x1c /tmp/storm32.elf.CbpKED.ltrans0.ltrans.o
 *fill*         0x0000000008007e9c        0x4 
 .text.chVTGetSystemTimeX.lto_priv.2
                0x0000000008007ea0       0x10 /tmp/storm32.elf.CbpKED.ltrans0.ltrans.o
 .text.__vt_object_init
                0x0000000008007eb0       0x2c /tmp/storm32.elf.CbpKED.ltrans0.ltrans.o
 *fill*         0x0000000008007edc        0x4 
 .text.__reg_object_init
                0x0000000008007ee0       0x14 /tmp/storm32.elf.CbpKED.ltrans0.ltrans.o
 *fill*         0x0000000008007ef4        0xc 
 .text.__idle_thread
                0x0000000008007f00        0x8 /tmp/storm32.elf.CbpKED.ltrans0.ltrans.o
 *fill*         0x0000000008007f08        0x8 
 .text.chInstanceObjectInit
                0x0000000008007f10       0xf0 /tmp/storm32.elf.CbpKED.ltrans0.ltrans.o
 .text.ch_list_init
                0x0000000008008000       0x10 /tmp/storm32.elf.CbpKED.ltrans0.ltrans.o
 .text.ch_list_notempty
                0x0000000008008010       0x1c /tmp/storm32.elf.CbpKED.ltrans0.ltrans.o
 *fill*         0x000000000800802c        0x4 
 .text.ch_list_unlink
                0x0000000008008030       0x1c /tmp/storm32.elf.CbpKED.ltrans0.ltrans.o
 *fill*         0x000000000800804c        0x4 
 .text.ch_queue_init.lto_priv.1
                0x0000000008008050       0x14 /tmp/storm32.elf.CbpKED.ltrans0.ltrans.o
 *fill*         0x0000000008008064        0xc 
 .text.ch_queue_notempty.lto_priv.0
                0x0000000008008070       0x1c /tmp/storm32.elf.CbpKED.ltrans0.ltrans.o
 *fill*         0x000000000800808c        0x4 
 .text.ch_queue_insert.lto_priv.1
                0x0000000008008090       0x28 /tmp/storm32.elf.CbpKED.ltrans0.ltrans.o
 *fill*         0x00000000080080b8        0x8 
 .text.ch_queue_fifo_remove.lto_priv.0
                0x00000000080080c0       0x24 /tmp/storm32.elf.CbpKED.ltrans0.ltrans.o
 *fill*         0x00000000080080e4        0xc 
 .text.ch_queue_dequeue.lto_priv.1
                0x00000000080080f0       0x20 /tmp/storm32.elf.CbpKED.ltrans0.ltrans.o
 .text.chSysLock.lto_priv.10
                0x0000000008008110       0x18 /tmp/storm32.elf.CbpKED.ltrans0.ltrans.o
 *fill*         0x0000000008008128        0x8 
 .text.chSysUnlock.lto_priv.10
                0x0000000008008130       0x18 /tmp/storm32.elf.CbpKED.ltrans0.ltrans.o
 *fill*         0x0000000008008148        0x8 
 .text.chThdGetSelfX.lto_priv.0
                0x0000000008008150        0xc /tmp/storm32.elf.CbpKED.ltrans0.ltrans.o
 *fill*         0x000000000800815c        0x4 
 .text.chThdSleepS
                0x0000000008008160       0x30 /tmp/storm32.elf.CbpKED.ltrans0.ltrans.o
 .text.chThdDoDequeueNextI
                0x0000000008008190       0x24 /tmp/storm32.elf.CbpKED.ltrans0.ltrans.o
 *fill*         0x00000000080081b4        0xc 
 .text.chThdObjectInit
                0x00000000080081c0       0xc4 /tmp/storm32.elf.CbpKED.ltrans0.ltrans.o
 *fill*         0x0000000008008284        0xc 
 .text.chThdSpawnSuspendedI
                0x0000000008008290      0x11c /tmp/storm32.elf.CbpKED.ltrans0.ltrans.o
 *fill*         0x00000000080083ac        0x4 
 .text.chThdSpawnRunningI
                0x00000000080083b0       0x24 /tmp/storm32.elf.CbpKED.ltrans0.ltrans.o
 *fill*         0x00000000080083d4        0xc 
 .text.chThdCreateStatic
                0x00000000080083e0      0x12c /tmp/storm32.elf.CbpKED.ltrans0.ltrans.o
 *fill*         0x000000000800850c        0x4 
 .text.chThdExit
                0x0000000008008510       0x18 /tmp/storm32.elf.CbpKED.ltrans0.ltrans.o
                0x0000000008008510                chThdExit
 *fill*         0x0000000008008528        0x8 
 .text.chThdExitS
                0x0000000008008530       0x68 /tmp/storm32.elf.CbpKED.ltrans0.ltrans.o
 *fill*         0x0000000008008598        0x8 
 .text.chThdSleep
                0x00000000080085a0       0x1c /tmp/storm32.elf.CbpKED.ltrans0.ltrans.o
 *fill*         0x00000000080085bc        0x4 
 .text.chThdSuspendTimeoutS
                0x00000000080085c0       0x44 /tmp/storm32.elf.CbpKED.ltrans0.ltrans.o
 *fill*         0x0000000008008604        0xc 
 .text.chThdResumeI
                0x0000000008008610       0x30 /tmp/storm32.elf.CbpKED.ltrans0.ltrans.o
 .text.chThdQueueObjectInit
                0x0000000008008640       0x30 /tmp/storm32.elf.CbpKED.ltrans0.ltrans.o
 .text.chThdEnqueueTimeoutS
                0x0000000008008670       0x40 /tmp/storm32.elf.CbpKED.ltrans0.ltrans.o
 .text.chThdDequeueNextI
                0x00000000080086b0       0x24 /tmp/storm32.elf.CbpKED.ltrans0.ltrans.o
 *fill*         0x00000000080086d4        0xc 
 .text.chThdDequeueAllI
                0x00000000080086e0       0x28 /tmp/storm32.elf.CbpKED.ltrans0.ltrans.o
 *fill*         0x0000000008008708        0x8 
 .text.tm_stop  0x0000000008008710       0x70 /tmp/storm32.elf.CbpKED.ltrans0.ltrans.o
 .text.chTMObjectInit
                0x0000000008008780       0x30 /tmp/storm32.elf.CbpKED.ltrans0.ltrans.o
 .text.chTMStartMeasurementX
                0x00000000080087b0       0x14 /tmp/storm32.elf.CbpKED.ltrans0.ltrans.o
 *fill*         0x00000000080087c4        0xc 
 .text.chTMStopMeasurementX
                0x00000000080087d0       0x24 /tmp/storm32.elf.CbpKED.ltrans0.ltrans.o
 *fill*         0x00000000080087f4        0xc 
 .text.ch_queue_init.lto_priv.3
                0x0000000008008800       0x14 /tmp/storm32.elf.CbpKED.ltrans0.ltrans.o
 *fill*         0x0000000008008814        0xc 
 .text.ch_queue_notempty.lto_priv.2
                0x0000000008008820       0x1c /tmp/storm32.elf.CbpKED.ltrans0.ltrans.o
 *fill*         0x000000000800883c        0x4 
 .text.ch_queue_fifo_remove.lto_priv.2
                0x0000000008008840       0x24 /tmp/storm32.elf.CbpKED.ltrans0.ltrans.o
 *fill*         0x0000000008008864        0xc 
 .text.ch_queue_dequeue.lto_priv.2
                0x0000000008008870       0x20 /tmp/storm32.elf.CbpKED.ltrans0.ltrans.o
 .text.chSysLock.lto_priv.13
                0x0000000008008890       0x18 /tmp/storm32.elf.CbpKED.ltrans0.ltrans.o
 *fill*         0x00000000080088a8        0x8 
 .text.chSysUnlock.lto_priv.13
                0x00000000080088b0       0x18 /tmp/storm32.elf.CbpKED.ltrans0.ltrans.o
 *fill*         0x00000000080088c8        0x8 
 .text.ch_sch_prio_insert.lto_priv.0
                0x00000000080088d0       0x44 /tmp/storm32.elf.CbpKED.ltrans0.ltrans.o
 *fill*         0x0000000008008914        0xc 
 .text.chThdGetSelfX.lto_priv.2
                0x0000000008008920        0xc /tmp/storm32.elf.CbpKED.ltrans0.ltrans.o
 *fill*         0x000000000800892c        0x4 
 .text.chMtxQueueNotEmptyS
                0x0000000008008930       0x1c /tmp/storm32.elf.CbpKED.ltrans0.ltrans.o
 *fill*         0x000000000800894c        0x4 
 .text.chMtxObjectInit
                0x0000000008008950       0x34 /tmp/storm32.elf.CbpKED.ltrans0.ltrans.o
 *fill*         0x0000000008008984        0xc 
 .text.chMtxLock
                0x0000000008008990       0x1c /tmp/storm32.elf.CbpKED.ltrans0.ltrans.o
 *fill*         0x00000000080089ac        0x4 
 .text.chMtxLockS
                0x00000000080089b0       0xe8 /tmp/storm32.elf.CbpKED.ltrans0.ltrans.o
 *fill*         0x0000000008008a98        0x8 
 .text.chMtxUnlock
                0x0000000008008aa0       0xb8 /tmp/storm32.elf.CbpKED.ltrans0.ltrans.o
 *fill*         0x0000000008008b58        0x8 
 .text.chEvtObjectInit
                0x0000000008008b60       0x2c /tmp/storm32.elf.CbpKED.ltrans0.ltrans.o
 *fill*         0x0000000008008b8c        0x4 
 .text.chEvtSignalI
                0x0000000008008b90       0x74 /tmp/storm32.elf.CbpKED.ltrans0.ltrans.o
 *fill*         0x0000000008008c04        0xc 
 .text.chEvtBroadcastFlagsI
                0x0000000008008c10       0x70 /tmp/storm32.elf.CbpKED.ltrans0.ltrans.o
 .text.chSysLock.lto_priv.19
                0x0000000008008c80       0x18 /tmp/storm32.elf.CbpKED.ltrans0.ltrans.o
 *fill*         0x0000000008008c98        0x8 
 .text.chSysUnlock.lto_priv.19
                0x0000000008008ca0       0x18 /tmp/storm32.elf.CbpKED.ltrans0.ltrans.o
 *fill*         0x0000000008008cb8        0x8 
 .text.__core_init
                0x0000000008008cc0       0x1c /tmp/storm32.elf.CbpKED.ltrans0.ltrans.o
 *fill*         0x0000000008008cdc        0x4 
 .text.chCoreAllocFromTopI
                0x0000000008008ce0       0x88 /tmp/storm32.elf.CbpKED.ltrans0.ltrans.o
 *fill*         0x0000000008008d68        0x8 
 .text.chCoreAllocFromTop
                0x0000000008008d70       0x28 /tmp/storm32.elf.CbpKED.ltrans0.ltrans.o
 *fill*         0x0000000008008d98        0x8 
 .text.chCoreGetStatusX
                0x0000000008008da0       0x24 /tmp/storm32.elf.CbpKED.ltrans0.ltrans.o
 *fill*         0x0000000008008dc4        0xc 
 .text.__heap_init
                0x0000000008008dd0       0x34 /tmp/storm32.elf.CbpKED.ltrans0.ltrans.o
 *fill*         0x0000000008008e04        0xc 
 .text.chPoolObjectInitAligned
                0x0000000008008e10       0xa8 /tmp/storm32.elf.CbpKED.ltrans0.ltrans.o
 *fill*         0x0000000008008eb8        0x8 
 .text.chCoreAllocAlignedI
                0x0000000008008ec0       0x1c /tmp/storm32.elf.CbpKED.ltrans0.ltrans.o
 *fill*         0x0000000008008edc        0x4 
 .text.chPoolObjectInit
                0x0000000008008ee0       0x1c /tmp/storm32.elf.CbpKED.ltrans0.ltrans.o
 *fill*         0x0000000008008efc        0x4 
 .text.dyn_list_init
                0x0000000008008f00       0x10 /tmp/storm32.elf.CbpKED.ltrans0.ltrans.o
 .text.__factory_init
                0x0000000008008f10       0x6c /tmp/storm32.elf.CbpKED.ltrans0.ltrans.o
 *fill*         0x0000000008008f7c        0x4 
 .text.__NVIC_SetPriorityGrouping
                0x0000000008008f80       0x3c /tmp/storm32.elf.CbpKED.ltrans0.ltrans.o
 *fill*         0x0000000008008fbc        0x4 
 .text.__NVIC_SetPriority
                0x0000000008008fc0       0x4c /tmp/storm32.elf.CbpKED.ltrans0.ltrans.o
 *fill*         0x000000000800900c        0x4 
 .text.SVC_Handler
                0x0000000008009010       0x2c /tmp/storm32.elf.CbpKED.ltrans0.ltrans.o
                0x0000000008009010                SVC_Handler
 *fill*         0x000000000800903c        0x4 
 .text.port_init
                0x0000000008009040       0x54 /tmp/storm32.elf.CbpKED.ltrans0.ltrans.o
 *fill*         0x0000000008009094        0xc 
 .text.__port_irq_epilogue
                0x00000000080090a0       0x78 /tmp/storm32.elf.CbpKED.ltrans0.ltrans.o
 *fill*         0x0000000008009118        0x8 
 .text.pwm_init
                0x0000000008009120      0x104 /tmp/storm32.elf.CbpKED.ltrans0.ltrans.o
 *fill*         0x0000000008009224        0xc 
 .text.setPwm   0x0000000008009230       0x98 /tmp/storm32.elf.CbpKED.ltrans0.ltrans.o
 *fill*         0x00000000080092c8        0x8 
 .text.setPhaseVoltage
                0x00000000080092d0      0x1e8 /tmp/storm32.elf.CbpKED.ltrans0.ltrans.o
 *fill*         0x00000000080094b8        0x8 
 .text.chSysLockFromISR.lto_priv.8
                0x00000000080094c0       0x18 /tmp/storm32.elf.CbpKED.ltrans0.ltrans.o
 *fill*         0x00000000080094d8        0x8 
 .text.chSysUnlockFromISR.lto_priv.8
                0x00000000080094e0       0x18 /tmp/storm32.elf.CbpKED.ltrans0.ltrans.o
 *fill*         0x00000000080094f8        0x8 
 .text.osalSysLockFromISR.lto_priv.5
                0x0000000008009500        0x8 /tmp/storm32.elf.CbpKED.ltrans0.ltrans.o
 *fill*         0x0000000008009508        0x8 
 .text.osalSysUnlockFromISR.lto_priv.5
                0x0000000008009510        0x8 /tmp/storm32.elf.CbpKED.ltrans0.ltrans.o
 *fill*         0x0000000008009518        0x8 
 .text.get_descriptor
                0x0000000008009520       0x64 /tmp/storm32.elf.CbpKED.ltrans0.ltrans.o
 *fill*         0x0000000008009584        0xc 
 .text.usb_event
                0x0000000008009590       0x8c /tmp/storm32.elf.CbpKED.ltrans0.ltrans.o
 *fill*         0x000000000800961c        0x4 
 .text.sof_handler
                0x0000000008009620       0x20 /tmp/storm32.elf.CbpKED.ltrans0.ltrans.o
 .text._sin     0x0000000008009640       0xe4 /tmp/storm32.elf.CbpKED.ltrans0.ltrans.o
 *fill*         0x0000000008009724        0xc 
 .text._cos     0x0000000008009730       0x48 /tmp/storm32.elf.CbpKED.ltrans0.ltrans.o
 *fill*         0x0000000008009778        0x8 
 .text._sincos  0x0000000008009780       0x28 /tmp/storm32.elf.CbpKED.ltrans0.ltrans.o
 *fill*         0x00000000080097a8        0x8 
 .text.chRegSetThreadName.lto_priv.0
                0x00000000080097b0       0x14 /tmp/storm32.elf.CbpKED.ltrans0.ltrans.o
 *fill*         0x00000000080097c4        0xc 
 .text.CalThread
                0x00000000080097d0       0xd8 /tmp/storm32.elf.CbpKED.ltrans0.ltrans.o
 *fill*         0x00000000080098a8        0x8 
 .text.mpu6050init
                0x00000000080098b0       0xf0 /tmp/storm32.elf.CbpKED.ltrans0.ltrans.o
 .text.as5600Init
                0x00000000080099a0        0x4 /tmp/storm32.elf.CbpKED.ltrans0.ltrans.o
 *fill*         0x00000000080099a4        0xc 
 .text.chSysLock.lto_priv.24
                0x00000000080099b0       0x18 /tmp/storm32.elf.CbpKED.ltrans0.ltrans.o
 *fill*         0x00000000080099c8        0x8 
 .text.chSysUnlock.lto_priv.24
                0x00000000080099d0       0x18 /tmp/storm32.elf.CbpKED.ltrans0.ltrans.o
 *fill*         0x00000000080099e8        0x8 
 .text.chVTGetSystemTimeX.lto_priv.4
                0x00000000080099f0       0x10 /tmp/storm32.elf.CbpKED.ltrans0.ltrans.o
 .text.chVTGetSystemTime
                0x0000000008009a00       0x24 /tmp/storm32.elf.CbpKED.ltrans0.ltrans.o
 *fill*         0x0000000008009a24        0xc 
 .text.chRegSetThreadName.lto_priv.1
                0x0000000008009a30       0x14 /tmp/storm32.elf.CbpKED.ltrans0.ltrans.o
 *fill*         0x0000000008009a44        0xc 
 .text.i2cThread
                0x0000000008009a50      0x2cc /tmp/storm32.elf.CbpKED.ltrans0.ltrans.o
 *fill*         0x0000000008009d1c        0x4 
 .text.i2c1Init
                0x0000000008009d20       0x68 /tmp/storm32.elf.CbpKED.ltrans0.ltrans.o
 *fill*         0x0000000008009d88        0x8 
 .text._ZL18chRegSetThreadNamePKc
                0x0000000008009d90       0x14 /tmp/storm32.elf.CbpKED.ltrans0.ltrans.o
 *fill*         0x0000000008009da4        0xc 
 .text._ZL7Thread1Pv
                0x0000000008009db0      0x144 /tmp/storm32.elf.CbpKED.ltrans0.ltrans.o
 *fill*         0x0000000008009ef4        0xc 
 .text._Z7LEDinitv
                0x0000000008009f00       0x34 /tmp/storm32.elf.CbpKED.ltrans0.ltrans.o
 *fill*         0x0000000008009f34        0xc 
 .text._Z9uart3initv
                0x0000000008009f40       0x3c /tmp/storm32.elf.CbpKED.ltrans0.ltrans.o
 *fill*         0x0000000008009f7c        0x4 
 .text._Z7USBinitv
                0x0000000008009f80       0x48 /tmp/storm32.elf.CbpKED.ltrans0.ltrans.o
 *fill*         0x0000000008009fc8        0x8 
 .text.main     0x0000000008009fd0      0x128 /tmp/storm32.elf.CbpKED.ltrans0.ltrans.o
                0x0000000008009fd0                main
 *fill*         0x000000000800a0f8        0x8 
 .text._ZSt4fmodIfdEN9__gnu_cxx11__promote_2IT_T0_NS0_9__promoteIS2_XsrSt12__is_integerIS2_E7__valueEE6__typeENS4_IS3_XsrS5_IS3_E7__valueEE6__typeEE6__typeES2_S3_
                0x000000000800a100       0x28 /tmp/storm32.elf.CbpKED.ltrans0.ltrans.o
 *fill*         0x000000000800a128        0x8 
 .text._Z41__static_initialization_and_destruction_0ii
                0x000000000800a130       0x44 /tmp/storm32.elf.CbpKED.ltrans0.ltrans.o
 *fill*         0x000000000800a174        0xc 
 .text._GLOBAL__sub_I_pid1
                0x000000000800a180       0x10 /tmp/storm32.elf.CbpKED.ltrans0.ltrans.o
 .text._ZN13PIDControllerC2Efffff
                0x000000000800a190       0x58 /tmp/storm32.elf.CbpKED.ltrans0.ltrans.o
 *fill*         0x000000000800a1e8        0x8 
 .text._Z7_microsv
                0x000000000800a1f0        0xc /tmp/storm32.elf.CbpKED.ltrans0.ltrans.o
 .text.fmod     0x000000000800a1fc       0x74 /opt/gcc-arm-none-eabi-9-2020-q2-update/bin/../lib/gcc/arm-none-eabi/9.3.1/../../../../arm-none-eabi/lib/thumb/v7-m/nofp/libm.a(lib_a-w_fmod.o)
                0x000000000800a1fc                fmod
 .text.__ieee754_fmod
                0x000000000800a270      0x278 /opt/gcc-arm-none-eabi-9-2020-q2-update/bin/../lib/gcc/arm-none-eabi/9.3.1/../../../../arm-none-eabi/lib/thumb/v7-m/nofp/libm.a(lib_a-e_fmod.o)
                0x000000000800a270                __ieee754_fmod
 .text.__errno  0x000000000800a4e8        0xc /opt/gcc-arm-none-eabi-9-2020-q2-update/bin/../lib/gcc/arm-none-eabi/9.3.1/../../../../arm-none-eabi/lib/thumb/v7-m/nofp/libg.a(lib_a-errno.o)
                0x000000000800a4e8                __errno
 .text.memset   0x000000000800a4f4       0xa0 /opt/gcc-arm-none-eabi-9-2020-q2-update/bin/../lib/gcc/arm-none-eabi/9.3.1/../../../../arm-none-eabi/lib/thumb/v7-m/nofp/libg.a(lib_a-memset.o)
                0x000000000800a4f4                memset
 *(.glue_7t)
 .glue_7t       0x000000000800a594        0x0 linker stubs
 *(.glue_7)
 .glue_7        0x000000000800a594        0x0 linker stubs
 *(.gcc*)
                0x000000000800a594                __text_end__ = .

.vfp11_veneer   0x000000000800a594        0x0
 .vfp11_veneer  0x000000000800a594        0x0 linker stubs

.v4_bx          0x000000000800a594        0x0
 .v4_bx         0x000000000800a594        0x0 linker stubs

.iplt           0x000000000800a594        0x0
 .iplt          0x000000000800a594        0x0 ./build/obj/crt0_v7m.o

.rodata         0x000000000800a598      0x750
                0x000000000800a598                __rodata_base__ = .
 *(.rodata)
 *(.rodata.*)
 .rodata.ram_areas
                0x000000000800a598       0x80 /tmp/storm32.elf.CbpKED.ltrans0.ltrans.o
 .rodata.__func__.8738
                0x000000000800a618        0xe /tmp/storm32.elf.CbpKED.ltrans0.ltrans.o
 *fill*         0x000000000800a626        0x2 
 .rodata.__func__.8749
                0x000000000800a628       0x13 /tmp/storm32.elf.CbpKED.ltrans0.ltrans.o
 *fill*         0x000000000800a63b        0x1 
 .rodata.__func__.8783
                0x000000000800a63c        0xf /tmp/storm32.elf.CbpKED.ltrans0.ltrans.o
 *fill*         0x000000000800a64b        0x1 
 .rodata.__func__.8796
                0x000000000800a64c        0xe /tmp/storm32.elf.CbpKED.ltrans0.ltrans.o
 *fill*         0x000000000800a65a        0x2 
 .rodata.__func__.8830
                0x000000000800a65c       0x13 /tmp/storm32.elf.CbpKED.ltrans0.ltrans.o
 *fill*         0x000000000800a66f        0x1 
 .rodata.__func__.8844
                0x000000000800a670       0x10 /tmp/storm32.elf.CbpKED.ltrans0.ltrans.o
 .rodata.__func__.8736
                0x000000000800a680        0x8 /tmp/storm32.elf.CbpKED.ltrans0.ltrans.o
 .rodata.__func__.8744
                0x000000000800a688        0x9 /tmp/storm32.elf.CbpKED.ltrans0.ltrans.o
 *fill*         0x000000000800a691        0x3 
 .rodata.__func__.8787
                0x000000000800a694        0xe /tmp/storm32.elf.CbpKED.ltrans0.ltrans.o
 *fill*         0x000000000800a6a2        0x2 
 .rodata.__func__.8838
                0x000000000800a6a4        0xf /tmp/storm32.elf.CbpKED.ltrans0.ltrans.o
 *fill*         0x000000000800a6b3        0x1 
 .rodata.__func__.8338.lto_priv.0
                0x000000000800a6b4        0x9 /tmp/storm32.elf.CbpKED.ltrans0.ltrans.o
 *fill*         0x000000000800a6bd        0x3 
 .rodata.__func__.8342.lto_priv.0
                0x000000000800a6c0        0x8 /tmp/storm32.elf.CbpKED.ltrans0.ltrans.o
 .rodata.__func__.8346.lto_priv.0
                0x000000000800a6c8        0xd /tmp/storm32.elf.CbpKED.ltrans0.ltrans.o
 *fill*         0x000000000800a6d5        0x3 
 .rodata.__func__.8357
                0x000000000800a6d8       0x19 /tmp/storm32.elf.CbpKED.ltrans0.ltrans.o
 *fill*         0x000000000800a6f1        0x3 
 .rodata.__func__.8370
                0x000000000800a6f4        0xe /tmp/storm32.elf.CbpKED.ltrans0.ltrans.o
 *fill*         0x000000000800a702        0x2 
 .rodata.__func__.8374
                0x000000000800a704        0xe /tmp/storm32.elf.CbpKED.ltrans0.ltrans.o
 *fill*         0x000000000800a712        0x2 
 .rodata.__func__.8338.lto_priv.1
                0x000000000800a714        0x9 /tmp/storm32.elf.CbpKED.ltrans0.ltrans.o
 *fill*         0x000000000800a71d        0x3 
 .rodata.__func__.8353
                0x000000000800a720       0x11 /tmp/storm32.elf.CbpKED.ltrans0.ltrans.o
 *fill*         0x000000000800a731        0x3 
 .rodata.vmt.lto_priv.0
                0x000000000800a734       0x28 /tmp/storm32.elf.CbpKED.ltrans0.ltrans.o
 .rodata.__func__.8371.lto_priv.1
                0x000000000800a75c        0x5 /tmp/storm32.elf.CbpKED.ltrans0.ltrans.o
 *fill*         0x000000000800a761        0x3 
 .rodata.__func__.8390.lto_priv.0
                0x000000000800a764        0x8 /tmp/storm32.elf.CbpKED.ltrans0.ltrans.o
 .rodata.__func__.8399
                0x000000000800a76c       0x10 /tmp/storm32.elf.CbpKED.ltrans0.ltrans.o
 .rodata.vmt.lto_priv.1
                0x000000000800a77c       0x28 /tmp/storm32.elf.CbpKED.ltrans0.ltrans.o
 .rodata.__func__.8376.lto_priv.1
                0x000000000800a7a4        0x5 /tmp/storm32.elf.CbpKED.ltrans0.ltrans.o
 *fill*         0x000000000800a7a9        0x3 
 .rodata.__func__.8404.lto_priv.1
                0x000000000800a7ac        0x9 /tmp/storm32.elf.CbpKED.ltrans0.ltrans.o
 *fill*         0x000000000800a7b5        0x3 
 .rodata.zero_status
                0x000000000800a7b8        0x2 /tmp/storm32.elf.CbpKED.ltrans0.ltrans.o
 *fill*         0x000000000800a7ba        0x2 
 .rodata.active_status
                0x000000000800a7bc        0x2 /tmp/storm32.elf.CbpKED.ltrans0.ltrans.o
 *fill*         0x000000000800a7be        0x2 
 .rodata.halted_status
                0x000000000800a7c0        0x2 /tmp/storm32.elf.CbpKED.ltrans0.ltrans.o
 *fill*         0x000000000800a7c2        0x2 
 .rodata.__func__.8786
                0x000000000800a7c4        0x9 /tmp/storm32.elf.CbpKED.ltrans0.ltrans.o
 *fill*         0x000000000800a7cd        0x3 
 .rodata.__func__.8803
                0x000000000800a7d0       0x11 /tmp/storm32.elf.CbpKED.ltrans0.ltrans.o
 *fill*         0x000000000800a7e1        0x3 
 .rodata.__func__.8808
                0x000000000800a7e4       0x15 /tmp/storm32.elf.CbpKED.ltrans0.ltrans.o
 *fill*         0x000000000800a7f9        0x3 
 .rodata.__func__.8819
                0x000000000800a7fc       0x11 /tmp/storm32.elf.CbpKED.ltrans0.ltrans.o
 *fill*         0x000000000800a80d        0x3 
 .rodata.__func__.8827
                0x000000000800a810       0x12 /tmp/storm32.elf.CbpKED.ltrans0.ltrans.o
 *fill*         0x000000000800a822        0x2 
 .rodata.chvprintf.str1.4
                0x000000000800a824        0x7 /tmp/storm32.elf.CbpKED.ltrans0.ltrans.o
 *fill*         0x000000000800a82b        0x1 
 .rodata.__func__.8346.lto_priv.1
                0x000000000800a82c       0x1d /tmp/storm32.elf.CbpKED.ltrans0.ltrans.o
 *fill*         0x000000000800a849        0x3 
 .rodata._stm32_dma_streams
                0x000000000800a84c       0x70 /tmp/storm32.elf.CbpKED.ltrans0.ltrans.o
 .rodata.__func__.8373
                0x000000000800a8bc       0x10 /tmp/storm32.elf.CbpKED.ltrans0.ltrans.o
 .rodata.__func__.8390.lto_priv.1
                0x000000000800a8cc        0xf /tmp/storm32.elf.CbpKED.ltrans0.ltrans.o
 *fill*         0x000000000800a8db        0x1 
 .rodata.cfgtab.8335
                0x000000000800a8dc       0x12 /tmp/storm32.elf.CbpKED.ltrans0.ltrans.o
 *fill*         0x000000000800a8ee        0x2 
 .rodata.i2c_lld_serve_rx_end_irq.str1.4
                0x000000000800a8f0        0xc /tmp/storm32.elf.CbpKED.ltrans0.ltrans.o
 .rodata.__func__.8341.lto_priv.1
                0x000000000800a8fc       0x12 /tmp/storm32.elf.CbpKED.ltrans0.ltrans.o
 *fill*         0x000000000800a90e        0x2 
 .rodata.__func__.4303
                0x000000000800a910        0xb /tmp/storm32.elf.CbpKED.ltrans0.ltrans.o
 *fill*         0x000000000800a91b        0x1 
 .rodata.__func__.8433
                0x000000000800a91c       0x20 /tmp/storm32.elf.CbpKED.ltrans0.ltrans.o
 .rodata.default_config
                0x000000000800a93c        0xc /tmp/storm32.elf.CbpKED.ltrans0.ltrans.o
 .rodata.ep0config
                0x000000000800a948       0x24 /tmp/storm32.elf.CbpKED.ltrans0.ltrans.o
 .rodata.pal_default_config
                0x000000000800a96c       0x3c /tmp/storm32.elf.CbpKED.ltrans0.ltrans.o
 .rodata.str1.4
                0x000000000800a9a8        0x3 /tmp/storm32.elf.CbpKED.ltrans0.ltrans.o
 *fill*         0x000000000800a9ab        0x1 
 .rodata.ch_core0_cfg
                0x000000000800a9ac       0x14 /tmp/storm32.elf.CbpKED.ltrans0.ltrans.o
 .rodata.__dbg_check_lock.str1.4
                0x000000000800a9c0        0x5 /tmp/storm32.elf.CbpKED.ltrans0.ltrans.o
 *fill*         0x000000000800a9c5        0x3 
 .rodata.__dbg_check_unlock.str1.4
                0x000000000800a9c8        0x5 /tmp/storm32.elf.CbpKED.ltrans0.ltrans.o
 *fill*         0x000000000800a9cd        0x3 
 .rodata.__dbg_check_lock_from_isr.str1.4
                0x000000000800a9d0        0x5 /tmp/storm32.elf.CbpKED.ltrans0.ltrans.o
 *fill*         0x000000000800a9d5        0x3 
 .rodata.__dbg_check_unlock_from_isr.str1.4
                0x000000000800a9d8        0x5 /tmp/storm32.elf.CbpKED.ltrans0.ltrans.o
 *fill*         0x000000000800a9dd        0x3 
 .rodata.__dbg_check_enter_isr.str1.4
                0x000000000800a9e0        0x5 /tmp/storm32.elf.CbpKED.ltrans0.ltrans.o
 *fill*         0x000000000800a9e5        0x3 
 .rodata.__dbg_check_leave_isr.str1.4
                0x000000000800a9e8        0x5 /tmp/storm32.elf.CbpKED.ltrans0.ltrans.o
 *fill*         0x000000000800a9ed        0x3 
 .rodata.chDbgCheckClassI.str1.4
                0x000000000800a9f0        0x6 /tmp/storm32.elf.CbpKED.ltrans0.ltrans.o
 *fill*         0x000000000800a9f6        0x2 
 .rodata.chDbgCheckClassS.str1.4
                0x000000000800a9f8        0x6 /tmp/storm32.elf.CbpKED.ltrans0.ltrans.o
 *fill*         0x000000000800a9fe        0x2 
 .rodata.__func__.7342
                0x000000000800aa00        0xb /tmp/storm32.elf.CbpKED.ltrans0.ltrans.o
 *fill*         0x000000000800aa0b        0x1 
 .rodata.__func__.7355.lto_priv.0
                0x000000000800aa0c        0xd /tmp/storm32.elf.CbpKED.ltrans0.ltrans.o
 *fill*         0x000000000800aa19        0x3 
 .rodata.__func__.6956
                0x000000000800aa1c        0xc /tmp/storm32.elf.CbpKED.ltrans0.ltrans.o
 .rodata.chInstanceObjectInit.str1.4
                0x000000000800aa28        0xd /tmp/storm32.elf.CbpKED.ltrans0.ltrans.o
 *fill*         0x000000000800aa35        0x3 
 .rodata.chThdCreateStatic.str1.4
                0x000000000800aa38        0x7 /tmp/storm32.elf.CbpKED.ltrans0.ltrans.o
 *fill*         0x000000000800aa3f        0x1 
 .rodata.__func__.7326.lto_priv.0
                0x000000000800aa40       0x10 /tmp/storm32.elf.CbpKED.ltrans0.ltrans.o
 .rodata.__func__.7335
                0x000000000800aa50       0x15 /tmp/storm32.elf.CbpKED.ltrans0.ltrans.o
 *fill*         0x000000000800aa65        0x3 
 .rodata.__func__.7377.lto_priv.0
                0x000000000800aa68       0x12 /tmp/storm32.elf.CbpKED.ltrans0.ltrans.o
 *fill*         0x000000000800aa7a        0x2 
 .rodata.__func__.6167
                0x000000000800aa7c        0xc /tmp/storm32.elf.CbpKED.ltrans0.ltrans.o
 .rodata.__func__.7462
                0x000000000800aa88       0x15 /tmp/storm32.elf.CbpKED.ltrans0.ltrans.o
 *fill*         0x000000000800aa9d        0x3 
 .rodata.__func__.7325.lto_priv.0
                0x000000000800aaa0       0x10 /tmp/storm32.elf.CbpKED.ltrans0.ltrans.o
 .rodata.__func__.7337.lto_priv.0
                0x000000000800aab0        0xb /tmp/storm32.elf.CbpKED.ltrans0.ltrans.o
 *fill*         0x000000000800aabb        0x1 
 .rodata.__func__.7361
                0x000000000800aabc        0xc /tmp/storm32.elf.CbpKED.ltrans0.ltrans.o
 .rodata.__func__.7325.lto_priv.2
                0x000000000800aac8       0x10 /tmp/storm32.elf.CbpKED.ltrans0.ltrans.o
 .rodata.__func__.7380
                0x000000000800aad8        0xd /tmp/storm32.elf.CbpKED.ltrans0.ltrans.o
 *fill*         0x000000000800aae5        0x3 
 .rodata.__func__.7391.lto_priv.0
                0x000000000800aae8       0x15 /tmp/storm32.elf.CbpKED.ltrans0.ltrans.o
 *fill*         0x000000000800aafd        0x3 
 .rodata.__func__.6943
                0x000000000800ab00       0x14 /tmp/storm32.elf.CbpKED.ltrans0.ltrans.o
 .rodata.__func__.7328
                0x000000000800ab14       0x18 /tmp/storm32.elf.CbpKED.ltrans0.ltrans.o
 .rodata.vcom_device_descriptor_data
                0x000000000800ab2c       0x12 /tmp/storm32.elf.CbpKED.ltrans0.ltrans.o
 *fill*         0x000000000800ab3e        0x2 
 .rodata.vcom_device_descriptor
                0x000000000800ab40        0x8 /tmp/storm32.elf.CbpKED.ltrans0.ltrans.o
 .rodata.vcom_configuration_descriptor_data
                0x000000000800ab48       0x43 /tmp/storm32.elf.CbpKED.ltrans0.ltrans.o
 *fill*         0x000000000800ab8b        0x1 